Component: ARM Compiler 5.06 update 6 (build 750) Tool: armlink [4d35ed]

==============================================================================

Section Cross References

    startup_stm32f103xb.o(STACK) refers (Special) to heapauxi.o(.text) for __use_two_region_memory
    startup_stm32f103xb.o(HEAP) refers (Special) to heapauxi.o(.text) for __use_two_region_memory
    startup_stm32f103xb.o(RESET) refers (Special) to heapauxi.o(.text) for __use_two_region_memory
    startup_stm32f103xb.o(RESET) refers to startup_stm32f103xb.o(STACK) for __initial_sp
    startup_stm32f103xb.o(RESET) refers to startup_stm32f103xb.o(.text) for Reset_Handler
    startup_stm32f103xb.o(RESET) refers to stm32f1xx_it.o(i.NMI_Handler) for NMI_Handler
    startup_stm32f103xb.o(RESET) refers to stm32f1xx_it.o(i.HardFault_Handler) for HardFault_Handler
    startup_stm32f103xb.o(RESET) refers to stm32f1xx_it.o(i.MemManage_Handler) for MemManage_Handler
    startup_stm32f103xb.o(RESET) refers to stm32f1xx_it.o(i.BusFault_Handler) for BusFault_Handler
    startup_stm32f103xb.o(RESET) refers to stm32f1xx_it.o(i.UsageFault_Handler) for UsageFault_Handler
    startup_stm32f103xb.o(RESET) refers to port.o(.emb_text) for SVC_Handler
    startup_stm32f103xb.o(RESET) refers to stm32f1xx_it.o(i.DebugMon_Handler) for DebugMon_Handler
    startup_stm32f103xb.o(RESET) refers to port.o(i.SysTick_Handler) for SysTick_Handler
    startup_stm32f103xb.o(RESET) refers to stm32f1xx_it.o(i.ADC1_2_IRQHandler) for ADC1_2_IRQHandler
    startup_stm32f103xb.o(RESET) refers to stm32f1xx_it.o(i.TIM1_UP_IRQHandler) for TIM1_UP_IRQHandler
    startup_stm32f103xb.o(RESET) refers to stm32f1xx_it.o(i.USART3_IRQHandler) for USART3_IRQHandler
    startup_stm32f103xb.o(.text) refers (Special) to heapauxi.o(.text) for __use_two_region_memory
    startup_stm32f103xb.o(.text) refers to system_stm32f1xx.o(i.SystemInit) for SystemInit
    startup_stm32f103xb.o(.text) refers to __main.o(!!!main) for __main
    startup_stm32f103xb.o(.text) refers to startup_stm32f103xb.o(HEAP) for Heap_Mem
    startup_stm32f103xb.o(.text) refers to startup_stm32f103xb.o(STACK) for Stack_Mem
    main.o(i.Error_Handler) refers to stm32f1xx_hal_cortex.o(i.HAL_NVIC_SystemReset) for HAL_NVIC_SystemReset
    main.o(i.HAL_TIM_PeriodElapsedCallback) refers to stm32f1xx_hal.o(i.HAL_IncTick) for HAL_IncTick
    main.o(i.SystemClock_Config) refers to rt_memclr_w.o(.text) for __aeabi_memclr4
    main.o(i.SystemClock_Config) refers to stm32f1xx_hal_rcc.o(i.HAL_RCC_OscConfig) for HAL_RCC_OscConfig
    main.o(i.SystemClock_Config) refers to stm32f1xx_hal_rcc.o(i.HAL_RCC_ClockConfig) for HAL_RCC_ClockConfig
    main.o(i.SystemClock_Config) refers to stm32f1xx_hal_rcc_ex.o(i.HAL_RCCEx_PeriphCLKConfig) for HAL_RCCEx_PeriphCLKConfig
    main.o(i.SystemClock_Config) refers to main.o(i.Error_Handler) for Error_Handler
    main.o(i.main) refers to stm32f1xx_hal.o(i.HAL_Init) for HAL_Init
    main.o(i.main) refers to main.o(i.SystemClock_Config) for SystemClock_Config
    main.o(i.main) refers to gpio.o(i.MX_GPIO_Init) for MX_GPIO_Init
    main.o(i.main) refers to adc.o(i.MX_ADC1_Init) for MX_ADC1_Init
    main.o(i.main) refers to spi.o(i.MX_SPI1_Init) for MX_SPI1_Init
    main.o(i.main) refers to usart.o(i.MX_USART2_UART_Init) for MX_USART2_UART_Init
    main.o(i.main) refers to usart.o(i.MX_USART3_UART_Init) for MX_USART3_UART_Init
    main.o(i.main) refers to stm32f1xx_hal.o(i.HAL_Delay) for HAL_Delay
    main.o(i.main) refers to usart.o(i.debugPrintln) for debugPrintln
    main.o(i.main) refers to freertos.o(i.MX_FREERTOS_Init) for MX_FREERTOS_Init
    main.o(i.main) refers to cmsis_os.o(i.osKernelStart) for osKernelStart
    freertos.o(i.GPS_DATA) refers to stm32f1xx_hal.o(i.HAL_Delay) for HAL_Delay
    freertos.o(i.GPS_DATA) refers to trx_sim.o(i.SIM_SendString) for SIM_SendString
    freertos.o(i.GPS_DATA) refers to trx_sim.o(i.SIM_SendAtCommand) for SIM_SendAtCommand
    freertos.o(i.MX_FREERTOS_Init) refers to cmsis_os.o(i.osSemaphoreCreate) for osSemaphoreCreate
    freertos.o(i.MX_FREERTOS_Init) refers to rt_memcpy_w.o(.text) for __aeabi_memcpy4
    freertos.o(i.MX_FREERTOS_Init) refers to cmsis_os.o(i.osThreadCreate) for osThreadCreate
    freertos.o(i.MX_FREERTOS_Init) refers to freertos.o(.data) for .data
    freertos.o(i.MX_FREERTOS_Init) refers to freertos.o(.constdata) for .constdata
    freertos.o(i.RPC_FETCH_ATTRIBUTES) refers to _printf_percent.o(.ARM.Collect$$_printf_percent$$00000000) for _printf_percent
    freertos.o(i.RPC_FETCH_ATTRIBUTES) refers to _printf_s.o(.ARM.Collect$$_printf_percent$$00000014) for _printf_s
    freertos.o(i.RPC_FETCH_ATTRIBUTES) refers to _printf_str.o(.text) for _printf_str
    freertos.o(i.RPC_FETCH_ATTRIBUTES) refers to trx_sim.o(i.SIM_SendAtCommand) for SIM_SendAtCommand
    freertos.o(i.RPC_FETCH_ATTRIBUTES) refers to rt_memclr_w.o(.text) for __aeabi_memclr4
    freertos.o(i.RPC_FETCH_ATTRIBUTES) refers to noretval__2snprintf.o(.text) for __2snprintf
[...]
    ADC_Read_Vbattery                        0x08002f65   Thumb Code    32  adc.o(i.ADC_Read_Vbattery)
    ADC_Read_Wind                            0x08002f89   Thumb Code    32  adc.o(i.ADC_Read_Wind)
    ADC_Select_Gas                           0x08002fad   Thumb Code    32  adc.o(i.ADC_Select_Gas)
    ADC_Select_VSense_1                      0x08002fd1   Thumb Code    32  adc.o(i.ADC_Select_VSense_1)
    ADC_Select_VSense_2                      0x08002ff5   Thumb Code    32  adc.o(i.ADC_Select_VSense_2)
    ADC_Select_Vbattery                      0x08003019   Thumb Code    32  adc.o(i.ADC_Select_Vbattery)
    ADC_Select_Wind                          0x0800303d   Thumb Code    30  adc.o(i.ADC_Select_Wind)
    BusFault_Handler                         0x08003061   Thumb Code     2  stm32f1xx_it.o(i.BusFault_Handler)
    Debbug_RxCallBack                        0x08003065   Thumb Code    34  usart.o(i.Debbug_RxCallBack)
    DebugMon_Handler                         0x08003091   Thumb Code     2  stm32f1xx_it.o(i.DebugMon_Handler)
    Error_Handler                            0x08003093   Thumb Code     8  main.o(i.Error_Handler)
    HAL_ADCEx_InjectedConvCpltCallback       0x0800309b   Thumb Code     2  stm32f1xx_hal_adc_ex.o(i.HAL_ADCEx_InjectedConvCpltCallback)
    HAL_ADC_ConfigChannel                    0x0800309d   Thumb Code   240  stm32f1xx_hal_adc.o(i.HAL_ADC_ConfigChannel)
    HAL_ADC_ConvCpltCallback                 0x08003199   Thumb Code     2  stm32f1xx_hal_adc.o(i.HAL_ADC_ConvCpltCallback)
    HAL_ADC_GetValue                         0x0800319b   Thumb Code     6  stm32f1xx_hal_adc.o(i.HAL_ADC_GetValue)
    HAL_ADC_IRQHandler                       0x080031a1   Thumb Code   230  stm32f1xx_hal_adc.o(i.HAL_ADC_IRQHandler)
    HAL_ADC_Init                             0x08003289   Thumb Code   272  stm32f1xx_hal_adc.o(i.HAL_ADC_Init)
    HAL_ADC_LevelOutOfWindowCallback         0x080033a5   Thumb Code     2  stm32f1xx_hal_adc.o(i.HAL_ADC_LevelOutOfWindowCallback)
    HAL_ADC_MspInit                          0x080033a9   Thumb Code   104  adc.o(i.HAL_ADC_MspInit)
    HAL_ADC_PollForConversion                0x08003421   Thumb Code   304  stm32f1xx_hal_adc.o(i.HAL_ADC_PollForConversion)
    HAL_ADC_Start                            0x0800355d   Thumb Code   184  stm32f1xx_hal_adc.o(i.HAL_ADC_Start)
    HAL_DMA_Abort                            0x0800361d   Thumb Code    70  stm32f1xx_hal_dma.o(i.HAL_DMA_Abort)
    HAL_DMA_Abort_IT                         0x08003665   Thumb Code   148  stm32f1xx_hal_dma.o(i.HAL_DMA_Abort_IT)
    HAL_Delay                                0x080036fd   Thumb Code    32  stm32f1xx_hal.o(i.HAL_Delay)
    HAL_GPIO_Init                            0x08003721   Thumb Code   446  stm32f1xx_hal_gpio.o(i.HAL_GPIO_Init)
    HAL_GPIO_WritePin                        0x08003901   Thumb Code    10  stm32f1xx_hal_gpio.o(i.HAL_GPIO_WritePin)
    HAL_GetTick                              0x0800390d   Thumb Code     6  stm32f1xx_hal.o(i.HAL_GetTick)
    HAL_IncTick                              0x08003919   Thumb Code    12  stm32f1xx_hal.o(i.HAL_IncTick)
    HAL_Init                                 0x08003929   Thumb Code    32  stm32f1xx_hal.o(i.HAL_Init)
    HAL_InitTick                             0x0800394d   Thumb Code    98  stm32f1xx_hal_timebase_tim.o(i.HAL_InitTick)
    HAL_MspInit                              0x080039c1   Thumb Code    62  stm32f1xx_hal_msp.o(i.HAL_MspInit)
    HAL_NVIC_EnableIRQ                       0x08003a09   Thumb Code    26  stm32f1xx_hal_cortex.o(i.HAL_NVIC_EnableIRQ)
    HAL_NVIC_SetPriority                     0x08003a25   Thumb Code    60  stm32f1xx_hal_cortex.o(i.HAL_NVIC_SetPriority)
    HAL_NVIC_SetPriorityGrouping             0x08003a65   Thumb Code    26  stm32f1xx_hal_cortex.o(i.HAL_NVIC_SetPriorityGrouping)
    HAL_NVIC_SystemReset                     0x08003a89   Thumb Code    26  stm32f1xx_hal_cortex.o(i.HAL_NVIC_SystemReset)
    HAL_RCCEx_GetPeriphCLKFreq               0x08003aad   Thumb Code   166  stm32f1xx_hal_rcc_ex.o(i.HAL_RCCEx_GetPeriphCLKFreq)
    HAL_RCCEx_PeriphCLKConfig                0x08003b75   Thumb Code   224  stm32f1xx_hal_rcc_ex.o(i.HAL_RCCEx_PeriphCLKConfig)
    HAL_RCC_ClockConfig                      0x08003c61   Thumb Code   280  stm32f1xx_hal_rcc.o(i.HAL_RCC_ClockConfig)
    HAL_RCC_GetClockConfig                   0x08003d8d   Thumb Code    54  stm32f1xx_hal_rcc.o(i.HAL_RCC_GetClockConfig)
    HAL_RCC_GetPCLK1Freq                     0x08003dcd   Thumb Code    20  stm32f1xx_hal_rcc.o(i.HAL_RCC_GetPCLK1Freq)
    HAL_RCC_GetPCLK2Freq                     0x08003ded   Thumb Code    20  stm32f1xx_hal_rcc.o(i.HAL_RCC_GetPCLK2Freq)
    HAL_RCC_GetSysClockFreq                  0x08003e0d   Thumb Code    74  stm32f1xx_hal_rcc.o(i.HAL_RCC_GetSysClockFreq)
    HAL_RCC_OscConfig                        0x08003e79   Thumb Code   778  stm32f1xx_hal_rcc.o(i.HAL_RCC_OscConfig)
    HAL_SPI_Init                             0x08004199   Thumb Code   178  stm32f1xx_hal_spi.o(i.HAL_SPI_Init)
    HAL_SPI_MspInit                          0x0800424d   Thumb Code   112  spi.o(i.HAL_SPI_MspInit)
    HAL_SPI_Receive                          0x080042cd   Thumb Code   346  stm32f1xx_hal_spi.o(i.HAL_SPI_Receive)
    HAL_SPI_Transmit                         0x08004427   Thumb Code   358  stm32f1xx_hal_spi.o(i.HAL_SPI_Transmit)
    HAL_SPI_TransmitReceive                  0x0800458d   Thumb Code   482  stm32f1xx_hal_spi.o(i.HAL_SPI_TransmitReceive)
    HAL_TIMEx_BreakCallback                  0x0800476f   Thumb Code     2  stm32f1xx_hal_tim_ex.o(i.HAL_TIMEx_BreakCallback)
    HAL_TIMEx_CommutCallback                 0x08004771   Thumb Code     2  stm32f1xx_hal_tim_ex.o(i.HAL_TIMEx_CommutCallback)
    HAL_TIM_Base_Init                        0x08004773   Thumb Code    90  stm32f1xx_hal_tim.o(i.HAL_TIM_Base_Init)
    HAL_TIM_Base_MspInit                     0x080047cd   Thumb Code     2  stm32f1xx_hal_tim.o(i.HAL_TIM_Base_MspInit)
    HAL_TIM_Base_Start_IT                    0x080047d1   Thumb Code    76  stm32f1xx_hal_tim.o(i.HAL_TIM_Base_Start_IT)
    HAL_TIM_IC_CaptureCallback               0x08004829   Thumb Code     2  stm32f1xx_hal_tim.o(i.HAL_TIM_IC_CaptureCallback)
    HAL_TIM_IRQHandler                       0x0800482b   Thumb Code   358  stm32f1xx_hal_tim.o(i.HAL_TIM_IRQHandler)
    HAL_TIM_OC_DelayElapsedCallback          0x08004991   Thumb Code     2  stm32f1xx_hal_tim.o(i.HAL_TIM_OC_DelayElapsedCallback)
    HAL_TIM_PWM_PulseFinishedCallback        0x08004993   Thumb Code     2  stm32f1xx_hal_tim.o(i.HAL_TIM_PWM_PulseFinishedCallback)
    HAL_TIM_PeriodElapsedCallback            0x08004995   Thumb Code    14  main.o(i.HAL_TIM_PeriodElapsedCallback)
    HAL_TIM_TriggerCallback                  0x080049a9   Thumb Code     2  stm32f1xx_hal_tim.o(i.HAL_TIM_TriggerCallback)
    HAL_UARTEx_RxEventCallback               0x080049ab   Thumb Code     2  stm32f1xx_hal_uart.o(i.HAL_UARTEx_RxEventCallback)
    HAL_UART_ErrorCallback                   0x080049ad   Thumb Code     2  stm32f1xx_hal_uart.o(i.HAL_UART_ErrorCallback)
    HAL_UART_IRQHandler                      0x080049b1   Thumb Code   520  stm32f1xx_hal_uart.o(i.HAL_UART_IRQHandler)
    HAL_UART_Init                            0x08004bbd   Thumb Code    98  stm32f1xx_hal_uart.o(i.HAL_UART_Init)
    HAL_UART_MspInit                         0x08004c21   Thumb Code   188  usart.o(i.HAL_UART_MspInit)
    HAL_UART_Receive_IT                      0x08004cf1   Thumb Code    42  stm32f1xx_hal_uart.o(i.HAL_UART_Receive_IT)
    HAL_UART_RxCpltCallback                  0x08004d1d   Thumb Code    94  trx_sim.o(i.HAL_UART_RxCpltCallback)
    HAL_UART_Transmit                        0x08004d91   Thumb Code   178  stm32f1xx_hal_uart.o(i.HAL_UART_Transmit)
    HAL_UART_TxCpltCallback                  0x08004e43   Thumb Code     2  stm32f1xx_hal_uart.o(i.HAL_UART_TxCpltCallback)
    HardFault_Handler                        0x08004e45   Thumb Code     6  stm32f1xx_it.o(i.HardFault_Handler)
    MX_ADC1_Init                             0x08004e4d   Thumb Code    48  adc.o(i.MX_ADC1_Init)
    MX_FREERTOS_Init                         0x08004e85   Thumb Code   112  freertos.o(i.MX_FREERTOS_Init)
    MX_GPIO_Init                             0x08004efd   Thumb Code   216  gpio.o(i.MX_GPIO_Init)
    MX_SPI1_Init                             0x08004fe5   Thumb Code    62  spi.o(i.MX_SPI1_Init)
    MX_USART2_UART_Init                      0x0800502d   Thumb Code    48  usart.o(i.MX_USART2_UART_Init)
    MX_USART3_UART_Init                      0x08005065   Thumb Code    48  usart.o(i.MX_USART3_UART_Init)
    MemManage_Handler                        0x0800509d   Thumb Code     2  stm32f1xx_it.o(i.MemManage_Handler)
    NMI_Handler                              0x0800509f   Thumb Code     2  stm32f1xx_it.o(i.NMI_Handler)
    RPC_FETCH_ATTRIBUTES                     0x080050a1   Thumb Code   100  freertos.o(i.RPC_FETCH_ATTRIBUTES)
    SIM7600_ATTRIBUTE                        0x08005175   Thumb Code   172  freertos.o(i.SIM7600_ATTRIBUTE)
    SIM7600_HTTPPost                         0x080052c1   Thumb Code   178  freertos.o(i.SIM7600_HTTPPost)
    SIM7600_Init                             0x08005411   Thumb Code   174  freertos.o(i.SIM7600_Init)
    SIM7600_RESET                            0x080055d9   Thumb Code    20  freertos.o(i.SIM7600_RESET)
    SIM_BufferProcess                        0x080055f9   Thumb Code  3258  trx_sim.o(i.SIM_BufferProcess)
    SIM_Init                                 0x08006389   Thumb Code   146  trx_sim.o(i.SIM_Init)
    SIM_InitValue                            0x0800645d   Thumb Code    84  trx_sim.o(i.SIM_InitValue)
    SIM_SendAtCommand                        0x08006515   Thumb Code   164  trx_sim.o(i.SIM_SendAtCommand)
    SIM_SendString                           0x080065c1   Thumb Code    44  trx_sim.o(i.SIM_SendString)
    SIM_SetPower                             0x080065f5   Thumb Code   142  trx_sim.o(i.SIM_SetPower)
    StartDiagnosticTask                      0x080067d5   Thumb Code  1738  freertos.o(i.StartDiagnosticTask)
    StartLoraTask                            0x08006f11   Thumb Code   258  freertos.o(i.StartLoraTask)
    StartRpcTask                             0x0800705d   Thumb Code     2  freertos.o(i.StartRpcTask)
    StartSIMBuffTask                         0x08007061   Thumb Code    56  trx_sim.o(i.StartSIMBuffTask)
    StartSendDataTask                        0x080070ad   Thumb Code   300  freertos.o(i.StartSendDataTask)
    SysTick_Handler                          0x08007255   Thumb Code    38  port.o(i.SysTick_Handler)
    SystemClock_Config                       0x08007281   Thumb Code   108  main.o(i.SystemClock_Config)
    SystemInit                               0x080072ed   Thumb Code     2  system_stm32f1xx.o(i.SystemInit)
    TIM1_UP_IRQHandler                       0x080072f1   Thumb Code     6  stm32f1xx_it.o(i.TIM1_UP_IRQHandler)
    TIM_Base_SetConfig                       0x080072fd   Thumb Code    94  stm32f1xx_hal_tim.o(i.TIM_Base_SetConfig)
    UART_Start_Receive_IT                    0x08007519   Thumb Code    54  stm32f1xx_hal_uart.o(i.UART_Start_Receive_IT)
    USART3_IRQHandler                        0x080075b5   Thumb Code     6  stm32f1xx_it.o(i.USART3_IRQHandler)
    UsageFault_Handler                       0x080075c1   Thumb Code     2  stm32f1xx_it.o(i.UsageFault_Handler)
    __ARM_fpclassify                         0x080075c3   Thumb Code    40  fpclassify.o(i.__ARM_fpclassify)
    __mathlib_dbl_invalid                    0x0800760b   Thumb Code    12  dunder.o(i.__mathlib_dbl_invalid)
    __mathlib_dbl_overflow                   0x08007617   Thumb Code    14  dunder.o(i.__mathlib_dbl_overflow)
    __mathlib_dbl_underflow                  0x08007625   Thumb Code    10  dunder.o(i.__mathlib_dbl_underflow)
    __mathlib_narrow                         0x08007635   Thumb Code    16  narrow.o(i.__mathlib_narrow)
    __mathlib_tofloat                        0x08007645   Thumb Code   184  narrow.o(i.__mathlib_tofloat)
    __support_ldexp                          0x08007701   Thumb Code    22  ldexp.o(i.__support_ldexp)
    _is_digit                                0x08007717   Thumb Code    14  __printf_wp.o(i._is_digit)
    atof                                     0x08007725   Thumb Code    42  atof.o(i.atof)
    convertDMSToDecimal                      0x08007751   Thumb Code    88  trx_sim.o(i.convertDMSToDecimal)
    debugPrint                               0x080077b5   Thumb Code    24  usart.o(i.debugPrint)
    debugPrintln                             0x080077d1   Thumb Code    40  usart.o(i.debugPrintln)
    decode_values                            0x08007801   Thumb Code   148  freertos.o(i.decode_values)
    fmod                                     0x080078cd   Thumb Code   144  fmod.o(i.fmod)
    frexp                                    0x08007961   Thumb Code    80  frexp.o(i.frexp)
    ldexp                                    0x080079b9   Thumb Code   116  ldexp.o(i.ldexp)
    lora_available                           0x08007a2d   Thumb Code    18  lora.o(i.lora_available)
    lora_init                                0x08007a45   Thumb Code   204  lora.o(i.lora_init)
    lora_mode_sleep                          0x08007b41   Thumb Code     6  lora.o(i.lora_mode_sleep)
    lora_mode_standby                        0x08007b47   Thumb Code     6  lora.o(i.lora_mode_standby)
    lora_packet_rssi                         0x08007b4d   Thumb Code    34  lora.o(i.lora_packet_rssi)
    lora_parsepacket                         0x08007b75   Thumb Code   114  lora.o(i.lora_parsepacket)
    lora_pending_packet_length               0x08007bed   Thumb Code    32  lora.o(i.lora_pending_packet_length)
    lora_read                                0x08007c0d   Thumb Code    34  lora.o(i.lora_read)
    lora_reset                               0x08007c35   Thumb Code    40  lora.o(i.lora_reset)
    lora_set_coding_rate                     0x08007c5d   Thumb Code    50  lora.o(i.lora_set_coding_rate)
    lora_set_explicit_header_mode            0x08007c8f   Thumb Code    26  lora.o(i.lora_set_explicit_header_mode)
    lora_set_frequency                       0x08007ca9   Thumb Code    66  lora.o(i.lora_set_frequency)
    lora_set_preamble_length                 0x08007cf1   Thumb Code    30  lora.o(i.lora_set_preamble_length)
    lora_set_signal_bandwidth                0x08007d0f   Thumb Code    40  lora.o(i.lora_set_signal_bandwidth)
    lora_set_spreading_factor                0x08007d37   Thumb Code    92  lora.o(i.lora_set_spreading_factor)
    lora_set_tx_power                        0x08007d93   Thumb Code    98  lora.o(i.lora_set_tx_power)
    lora_version                             0x08007df5   Thumb Code     6  lora.o(i.lora_version)
    main                                     0x08007dfd   Thumb Code    52  main.o(i.main)
    osDelay                                  0x08007e59   Thumb Code    14  cmsis_os.o(i.osDelay)
    osKernelStart                            0x08007e67   Thumb Code    10  cmsis_os.o(i.osKernelStart)
    osSemaphoreCreate                        0x08007e71   Thumb Code    62  cmsis_os.o(i.osSemaphoreCreate)
    osThreadCreate                           0x08007eaf   Thumb Code    84  cmsis_os.o(i.osThreadCreate)
    parseNMEA                                0x08007f05   Thumb Code   104  trx_sim.o(i.parseNMEA)
    pvPortMalloc                             0x08008301   Thumb Code   210  heap_4.o(i.pvPortMalloc)
    pxPortInitialiseStack                    0x080083d9   Thumb Code    32  port.o(i.pxPortInitialiseStack)
    uprintf                                  0x08008501   Thumb Code    24  freertos.o(i.uprintf)
    uxListRemove                             0x0800851d   Thumb Code    38  list.o(i.uxListRemove)
    vApplicationGetIdleTaskMemory            0x08008545   Thumb Code    16  freertos.o(i.vApplicationGetIdleTaskMemory)
    vListInitialise                          0x08008559   Thumb Code    22  list.o(i.vListInitialise)
    vListInitialiseItem                      0x0800856f   Thumb Code     6  list.o(i.vListInitialiseItem)
    vListInsert                              0x08008575   Thumb Code    48  list.o(i.vListInsert)
    vListInsertEnd                           0x080085a5   Thumb Code    24  list.o(i.vListInsertEnd)
    vPortEnterCritical                       0x080085bd   Thumb Code    54  port.o(i.vPortEnterCritical)
    vPortExitCritical                        0x080085fd   Thumb Code    34  port.o(i.vPortExitCritical)
    vPortFree                                0x08008625   Thumb Code    88  heap_4.o(i.vPortFree)
    vPortSetupTimerInterrupt                 0x08008681   Thumb Code    26  port.o(i.vPortSetupTimerInterrupt)
    vTaskDelay                               0x080086a1   Thumb Code    66  tasks.o(i.vTaskDelay)
    vTaskInternalSetTimeOutState             0x080086ed   Thumb Code    12  tasks.o(i.vTaskInternalSetTimeOutState)
    vTaskMissedYield                         0x080086fd   Thumb Code     8  tasks.o(i.vTaskMissedYield)
    vTaskPlaceOnEventList                    0x08008709   Thumb Code    44  tasks.o(i.vTaskPlaceOnEventList)
    vTaskStartScheduler                      0x08008739   Thumb Code    90  tasks.o(i.vTaskStartScheduler)
    vTaskSuspendAll                          0x080087a5   Thumb Code    10  tasks.o(i.vTaskSuspendAll)
    vTaskSwitchContext                       0x080087b5   Thumb Code    82  tasks.o(i.vTaskSwitchContext)
    xPortStartScheduler                      0x08008879   Thumb Code   102  port.o(i.xPortStartScheduler)
    xQueueGenericCreate                      0x080088ed   Thumb Code    72  queue.o(i.xQueueGenericCreate)
    xQueueGenericCreateStatic                0x08008935   Thumb Code   102  queue.o(i.xQueueGenericCreateStatic)
    xQueueGenericReset                       0x0800899d   Thumb Code   132  queue.o(i.xQueueGenericReset)
    xQueueGenericSend                        0x08008a25   Thumb Code   346  queue.o(i.xQueueGenericSend)
    xTaskCheckForTimeOut                     0x08008b85   Thumb Code   102  tasks.o(i.xTaskCheckForTimeOut)
    xTaskCreate                              0x08008bf1   Thumb Code    90  tasks.o(i.xTaskCreate)
    xTaskCreateStatic                        0x08008c4b   Thumb Code    86  tasks.o(i.xTaskCreateStatic)
    xTaskGetSchedulerState                   0x08008ca1   Thumb Code    22  tasks.o(i.xTaskGetSchedulerState)
    xTaskIncrementTick                       0x08008cbd   Thumb Code   192  tasks.o(i.xTaskIncrementTick)
    xTaskPriorityDisinherit                  0x08008d85   Thumb Code   144  tasks.o(i.xTaskPriorityDisinherit)
    xTaskRemoveFromEventList                 0x08008e1d   Thumb Code   108  tasks.o(i.xTaskRemoveFromEventList)
    xTaskResumeAll                           0x08008e91   Thumb Code   182  tasks.o(i.xTaskResumeAll)
    _get_lc_ctype                            0x08008f55   Thumb Code    44  lc_ctype_c.o(locale$$code)
    _get_lc_numeric                          0x08008f81   Thumb Code    44  lc_numeric_c.o(locale$$code)
    __aeabi_d2f                              0x08008fad   Thumb Code     0  d2f.o(x$fpl$d2f)
    _d2f                                     0x08008fad   Thumb Code    98  d2f.o(x$fpl$d2f)
    __aeabi_dadd                             0x08009011   Thumb Code     0  daddsub_clz.o(x$fpl$dadd)
    _dadd                                    0x08009011   Thumb Code   332  daddsub_clz.o(x$fpl$dadd)
    __fpl_dcheck_NaN1                        0x08009161   Thumb Code    10  dcheck1.o(x$fpl$dcheck1)
    __fpl_dcmp_Inf                           0x08009171   Thumb Code    24  dcmpi.o(x$fpl$dcmpinf)
    __aeabi_ddiv                             0x08009189   Thumb Code     0  ddiv.o(x$fpl$ddiv)
    _ddiv                                    0x08009189   Thumb Code   552  ddiv.o(x$fpl$ddiv)
    __aeabi_cdcmpeq                          0x08009439   Thumb Code     0  deqf.o(x$fpl$deqf)
    _dcmpeq                                  0x08009439   Thumb Code   120  deqf.o(x$fpl$deqf)
    __aeabi_i2d                              0x080094b1   Thumb Code     0  dflt_clz.o(x$fpl$dflt)
    _dflt                                    0x080094b1   Thumb Code    46  dflt_clz.o(x$fpl$dflt)
    __aeabi_cdcmple                          0x080094e1   Thumb Code     0  dleqf.o(x$fpl$dleqf)
    _dcmple                                  0x080094e1   Thumb Code   120  dleqf.o(x$fpl$dleqf)
    __fpl_dcmple_InfNaN                      0x08009543   Thumb Code     0  dleqf.o(x$fpl$dleqf)
    __aeabi_dmul                             0x08009559   Thumb Code     0  dmul.o(x$fpl$dmul)
    _dmul                                    0x08009559   Thumb Code   332  dmul.o(x$fpl$dmul)
    __fpl_dnaninf                            0x080096ad   Thumb Code   156  dnaninf.o(x$fpl$dnaninf)
    _drem                                    0x08009749   Thumb Code   328  drem_clz.o(x$fpl$drem)
    __fpl_dretinf                            0x08009899   Thumb Code    12  dretinf.o(x$fpl$dretinf)
    __aeabi_cdrcmple                         0x080098a5   Thumb Code     0  drleqf.o(x$fpl$drleqf)
    _drcmple                                 0x080098a5   Thumb Code   108  drleqf.o(x$fpl$drleqf)
    __aeabi_drsub                            0x08009911   Thumb Code     0  daddsub_clz.o(x$fpl$drsb)
    _drsb                                    0x08009911   Thumb Code    22  daddsub_clz.o(x$fpl$drsb)
    __aeabi_dsub                             0x08009929   Thumb Code     0  daddsub_clz.o(x$fpl$dsub)
    _dsub                                    0x08009929   Thumb Code   464  daddsub_clz.o(x$fpl$dsub)
    __aeabi_f2d                              0x08009afd   Thumb Code     0  f2d.o(x$fpl$f2d)
    _f2d                                     0x08009afd   Thumb Code    86  f2d.o(x$fpl$f2d)
    __aeabi_fdiv                             0x08009b55   Thumb Code     0  fdiv.o(x$fpl$fdiv)
    _fdiv                                    0x08009b55   Thumb Code   384  fdiv.o(x$fpl$fdiv)
    __aeabi_f2iz                             0x08009cd9   Thumb Code     0  ffix.o(x$fpl$ffix)
    _ffix                                    0x08009cd9   Thumb Code    54  ffix.o(x$fpl$ffix)
    __aeabi_i2f                              0x08009d11   Thumb Code     0  fflt_clz.o(x$fpl$fflt)
    _fflt                                    0x08009d11   Thumb Code    48  fflt_clz.o(x$fpl$fflt)
    __aeabi_fmul                             0x08009d41   Thumb Code     0  fmul.o(x$fpl$fmul)
    _fmul                                    0x08009d41   Thumb Code   258  fmul.o(x$fpl$fmul)
    __fpl_fnaninf                            0x08009e43   Thumb Code   140  fnaninf.o(x$fpl$fnaninf)
    __fpl_fretinf                            0x08009ecf   Thumb Code    10  fretinf.o(x$fpl$fretinf)
    __ieee_status                            0x08009ed9   Thumb Code     6  istatus.o(x$fpl$ieeestatus)
    _printf_fp_dec                           0x08009edf   Thumb Code     4  printf1.o(x$fpl$printf1)
    __fpl_return_NaN                         0x08009ee3   Thumb Code   100  retnan.o(x$fpl$retnan)
    __ARM_scalbn                             0x08009f47   Thumb Code    92  scalbn.o(x$fpl$scalbn)
    _scanf_real                              0x08009fa3   Thumb Code     4  scanf1.o(x$fpl$scanf1)
    _scanf_hex_real                          0x08009fa7   Thumb Code     4  scanf2.o(x$fpl$scanf2)
    _scanf_infnan                            0x08009fab   Thumb Code     4  scanf2.o(x$fpl$scanf2)
    __fpl_cmpreturn                          0x08009faf   Thumb Code    48  trapv.o(x$fpl$trapveneer)
    __I$use$fp                               0x08009fde   Number         0  usenofp.o(x$fpl$usenofp)
    AHBPrescTable                            0x0800a06c   Data          16  system_stm32f1xx.o(.constdata)
    APBPrescTable                            0x0800a07c   Data           8  system_stm32f1xx.o(.constdata)
    Region$$Table$$Base                      0x0800a3a0   Number         0  anon$$obj.o(Region$$Table)
    Region$$Table$$Limit                     0x0800a3c0   Number         0  anon$$obj.o(Region$$Table)
    __aeabi_HUGE_VAL                         0x0800a3c0   Data           0  fpconst.o(c$$dinf)
    __aeabi_HUGE_VALL                        0x0800a3c0   Data           0  fpconst.o(c$$dinf)
    __aeabi_INFINITY                         0x0800a3c0   Data           0  fpconst.o(c$$dinf)
    __dInf                                   0x0800a3c0   Data           0  fpconst.o(c$$dinf)
    __huge_val                               0x0800a3c0   Data           0  fpconst.o(c$$dinf)
    __dbl_max                                0x0800a3c8   Data           0  fpconst.o(c$$dmax)
    __ctype                                  0x0800a3dd   Data           0  lc_ctype_c.o(locale$$data)
    packet_size                              0x20000000   Data           1  freertos.o(.data)
    idx                                      0x20000001   Data           1  freertos.o(.data)
    error                                    0x20000002   Data           1  freertos.o(.data)
    valid_data                               0x20000003   Data           1  freertos.o(.data)
    sendDataTaskRunning                      0x20000004   Data           1  freertos.o(.data)
    temperature1                             0x20000008   Data           4  freertos.o(.data)
    humidity1                                0x2000000c   Data           4  freertos.o(.data)
    temperature2                             0x20000010   Data           4  freertos.o(.data)
    humidity2                                0x20000014   Data           4  freertos.o(.data)
    LORA_MODULE_STATUS                       0x20000018   Data           4  freertos.o(.data)
    DEVEUI                                   0x2000001c   Data           4  freertos.o(.data)
    base_url                                 0x20000020   Data           4  freertos.o(.data)
    url_telemetry                            0x20000024   Data           4  freertos.o(.data)
    url_rpc                                  0x20000028   Data           4  freertos.o(.data)
    url_phone                                0x2000002c   Data           4  freertos.o(.data)
    url                                      0x20000030   Data           4  freertos.o(.data)
    url_attribute                            0x20000034   Data           4  freertos.o(.data)
    Vsense_1                                 0x20000038   Data           4  freertos.o(.data)
    Vsense_2                                 0x2000003c   Data           4  freertos.o(.data)
    VBattery                                 0x20000040   Data           4  freertos.o(.data)
    Gas_lvl                                  0x20000044   Data           4  freertos.o(.data)
    Wind_stat                                0x20000048   Data           4  freertos.o(.data)
    RSSI                                     0x2000004c   Data           4  freertos.o(.data)
    DiagnosticTaskHandle                     0x20000050   Data           4  freertos.o(.data)
    LoraTaskHandle                           0x20000054   Data           4  freertos.o(.data)
    SendDataTaskHandle                       0x20000058   Data           4  freertos.o(.data)
    RpcTaskHandle                            0x2000005c   Data           4  freertos.o(.data)
    BinSemHandle                             0x20000060   Data           4  freertos.o(.data)
    packetIndex                              0x20000064   Data           1  lora.o(.data)
    Rx2Tmp                                   0x20000065   Data           1  usart.o(.data)
    slot                                     0x20000068   Data           1  trx_sim.o(.data)
    relayState                               0x20000069   Data           1  trx_sim.o(.data)
    ledStatus                                0x2000006a   Data           1  trx_sim.o(.data)
    functionality                            0x2000006c   Data           4  trx_sim.o(.data)
    rssiValue                                0x20000070   Data           4  trx_sim.o(.data)
    berValue                                 0x20000074   Data           4  trx_sim.o(.data)
    latitudeDecimal                          0x20000078   Data           4  trx_sim.o(.data)
    longitudeDecimal                         0x2000007c   Data           4  trx_sim.o(.data)
    SIMBuffTaskHandle                        0x20000080   Data           4  trx_sim.o(.data)
    mobileNumber                             0x20000084   Data          20  trx_sim.o(.data)
    uwTickFreq                               0x20000098   Data           1  stm32f1xx_hal.o(.data)
    uwTickPrio                               0x2000009c   Data           4  stm32f1xx_hal.o(.data)
    uwTick                                   0x200000a0   Data           4  stm32f1xx_hal.o(.data)
    SystemCoreClock                          0x200000a4   Data           4  system_stm32f1xx.o(.data)
    pxCurrentTCB                             0x200000a8   Data           4  tasks.o(.data)
    float_buffer                             0x20000108   Data          32  freertos.o(.bss)
    buffer                                   0x20000128   Data         200  freertos.o(.bss)
    Module_Status                            0x200001f0   Data          50  freertos.o(.bss)
    read_data                                0x20000222   Data         128  freertos.o(.bss)
    lora                                     0x200002a4   Data          32  freertos.o(.bss)
    buffer_X                                 0x200002c4   Data         512  freertos.o(.bss)
    data                                     0x200004c4   Data         512  freertos.o(.bss)
    complete_url_telemetry                   0x200006c4   Data         256  freertos.o(.bss)
    complete_url_rpc                         0x200007c4   Data         256  freertos.o(.bss)
    complete_url_phone                       0x200008c4   Data         256  freertos.o(.bss)
    complete_url_attribute                   0x200009c4   Data         256  freertos.o(.bss)
    complete_base_url                        0x20000ac4   Data         256  freertos.o(.bss)
    buffer_Diag                              0x20000bc4   Data         512  freertos.o(.bss)
    buffer_Attribute                         0x20000dc4   Data         512  freertos.o(.bss)
    data_Diag                                0x20000fc4   Data         256  freertos.o(.bss)
    data_attribute                           0x200010c4   Data         256  freertos.o(.bss)
    hadc1                                    0x20001328   Data          48  adc.o(.bss)
    debug_sx_buffer                          0x20001358   Data         100  lora.o(.bss)
    hspi1                                    0x200013bc   Data          88  spi.o(.bss)
    huart2                                   0x20001414   Data          68  usart.o(.bss)
    huart3                                   0x20001458   Data          68  usart.o(.bss)
    htim1                                    0x2000149c   Data          72  stm32f1xx_hal_timebase_tim.o(.bss)
    ATcommandd                               0x200014e8   Data         500  trx_sim.o(.bss)
    ARMED_STATUS                             0x200016dc   Data          10  trx_sim.o(.bss)
    signalString                             0x200016e6   Data          10  trx_sim.o(.bss)
    rssiString                               0x200016f0   Data          50  trx_sim.o(.bss)
    functionalityStatus                      0x20001722   Data          50  trx_sim.o(.bss)
    operatorName                             0x20001754   Data          50  trx_sim.o(.bss)
    SIM                                      0x20001788   Data        2264  trx_sim.o(.bss)
    __libspace_start                         0x20002af8   Data          96  libspace.o(.bss)
    __temporary_stack_top$libspace           0x20002b58   Data           0  libspace.o(.bss)



==============================================================================

Memory Map of the image

  Image Entry point : 0x080000ed

  Load Region LR_IROM1 (Base: 0x08000000, Size: 0x0000a604, Max: 0x00010000, ABSOLUTE)

    Execution Region ER_IROM1 (Exec base: 0x08000000, Load base: 0x08000000, Size: 0x0000a4fc, Max: 0x00010000, ABSOLUTE)

    Exec Addr    Load Addr    Size         Type   Attr      Idx    E Section Name        Object

    0x08000000   0x08000000   0x000000ec   Data   RO            3    RESET               startup_stm32f103xb.o
    0x080000ec   0x080000ec   0x00000008   Code   RO         6289  * !!!main             c_w.l(__main.o)
    0x080000f4   0x080000f4   0x00000034   Code   RO         6762    !!!scatter          c_w.l(__scatter.o)
    0x08000128   0x08000128   0x0000001a   Code   RO         6764    !!handler_copy      c_w.l(__scatter_copy.o)
    0x08000142   0x08000142   0x00000002   PAD
    0x08000144   0x08000144   0x0000001c   Code   RO         6766    !!handler_zi        c_w.l(__scatter_zi.o)
    0x08000160   0x08000160   0x00000000   Code   RO         6253    .ARM.Collect$$_printf_percent$$00000000  c_w.l(_printf_percent.o)
    0x08000160   0x08000160   0x00000006   Code   RO         6252    .ARM.Collect$$_printf_percent$$00000003  c_w.l(_printf_f.o)
    0x08000166   0x08000166   0x00000006   Code   RO         6250    .ARM.Collect$$_printf_percent$$00000008  c_w.l(_printf_i.o)
    0x0800016c   0x0800016c   0x00000006   Code   RO         6251    .ARM.Collect$$_printf_percent$$00000009  c_w.l(_printf_d.o)
    0x08000172   0x08000172   0x00000006   Code   RO         6249    .ARM.Collect$$_printf_percent$$0000000C  c_w.l(_printf_x.o)
    0x08000178   0x08000178   0x00000006   Code   RO         6247    .ARM.Collect$$_printf_percent$$00000013  c_w.l(_printf_c.o)
    0x0800017e   0x0800017e   0x00000006   Code   RO         6248    .ARM.Collect$$_printf_percent$$00000014  c_w.l(_printf_s.o)
    0x08000184   0x08000184   0x00000004   Code   RO         6420    .ARM.Collect$$_printf_percent$$00000017  c_w.l(_printf_percent_end.o)
    0x08000188   0x08000188   0x00000002   Code   RO         6657    .ARM.Collect$$libinit$$00000000  c_w.l(libinit.o)
    0x0800018a   0x0800018a   0x00000000   Code   RO         6436    .ARM.Collect$$libinit$$00000002  c_w.l(libinit2.o)
    0x0800018a   0x0800018a   0x00000000   Code   RO         6438    .ARM.Collect$$libinit$$00000004  c_w.l(libinit2.o)
    0x0800018a   0x0800018a   0x00000008   Code   RO         6439    .ARM.Collect$$libinit$$00000005  c_w.l(libinit2.o)
    0x08000192   0x08000192   0x00000000   Code   RO         6441    .ARM.Collect$$libinit$$0000000A  c_w.l(libinit2.o)
    0x08000192   0x08000192   0x00000000   Code   RO         6443    .ARM.Collect$$libinit$$0000000C  c_w.l(libinit2.o)
    0x08000192   0x08000192   0x00000000   Code   RO         6445    .ARM.Collect$$libinit$$0000000E  c_w.l(libinit2.o)
    0x08000192   0x08000192   0x00000006   Code   RO         6446    .ARM.Collect$$libinit$$0000000F  c_w.l(libinit2.o)
    0x08000198   0x08000198   0x00000000   Code   RO         6448    .ARM.Collect$$libinit$$00000011  c_w.l(libinit2.o)
    0x08000198   0x08000198   0x0000000c   Code   RO         6449    .ARM.Collect$$libinit$$00000012  c_w.l(libinit2.o)
    0x080001a4   0x080001a4   0x00000000   Code   RO         6450    .ARM.Collect$$libinit$$00000013  c_w.l(libinit2.o)
    0x080001a4   0x080001a4   0x00000000   Code   RO         6452    .ARM.Collect$$libinit$$00000015  c_w.l(libinit2.o)
    0x080001a4   0x080001a4   0x0000000a   Code   RO         6453    .ARM.Collect$$libinit$$00000016  c_w.l(libinit2.o)
    0x080001ae   0x080001ae   0x00000000   Code   RO         6454    .ARM.Collect$$libinit$$00000017  c_w.l(libinit2.o)
    0x080001ae   0x080001ae   0x00000000   Code   RO         6456    .ARM.Collect$$libinit$$00000019  c_w.l(libinit2.o)
    0x080001ae   0x080001ae   0x00000000   Code   RO         6458    .ARM.Collect$$libinit$$0000001B  c_w.l(libinit2.o)
    0x080001ae   0x080001ae   0x00000000   Code   RO         6460    .ARM.Collect$$libinit$$0000001D  c_w.l(libinit2.o)
    0x080001ae   0x080001ae   0x00000000   Code   RO         6462    .ARM.Collect$$libinit$$0000001F  c_w.l(libinit2.o)
    0x080001ae   0x080001ae   0x00000000   Code   RO         6464    .ARM.Collect$$libinit$$00000021  c_w.l(libinit2.o)
    0x080001ae   0x080001ae   0x00000000   Code   RO         6466    .ARM.Collect$$libinit$$00000023  c_w.l(libinit2.o)
    0x080001ae   0x080001ae   0x00000000   Code   RO         6468    .ARM.Collect$$libinit$$00000025  c_w.l(libinit2.o)
    0x080001ae   0x080001ae   0x00000000   Code   RO         6472    .ARM.Collect$$libinit$$0000002C  c_w.l(libinit2.o)
    0x080001ae   0x080001ae   0x00000000   Code   RO         6474    .ARM.Collect$$libinit$$0000002E  c_w.l(libinit2.o)
    0x080001ae   0x080001ae   0x00000000   Code   RO         6476    .ARM.Collect$$libinit$$00000030  c_w.l(libinit2.o)
    0x080001ae   0x080001ae   0x00000000   Code   RO         6478    .ARM.Collect$$libinit$$00000032  c_w.l(libinit2.o)
    0x080001ae   0x080001ae   0x00000002   Code   RO         6479    .ARM.Collect$$libinit$$00000033  c_w.l(libinit2.o)
    0x080001b0   0x080001b0   0x00000002   Code   RO         6747    .ARM.Collect$$libshutdown$$00000000  c_w.l(libshutdown.o)
    0x080001b2   0x080001b2   0x00000000   Code   RO         6677    .ARM.Collect$$libshutdown$$00000002  c_w.l(libshutdown2.o)
    0x080001b2   0x080001b2   0x00000000   Code   RO         6679    .ARM.Collect$$libshutdown$$00000004  c_w.l(libshutdown2.o)
    0x080001b2   0x080001b2   0x00000000   Code   RO         6682    .ARM.Collect$$libshutdown$$00000007  c_w.l(libshutdown2.o)
    0x080001b2   0x080001b2   0x00000000   Code   RO         6685    .ARM.Collect$$libshutdown$$0000000A  c_w.l(libshutdown2.o)
    0x080001b2   0x080001b2   0x00000000   Code   RO         6687    .ARM.Collect$$libshutdown$$0000000C  c_w.l(libshutdown2.o)
    0x080001b2   0x080001b2   0x00000000   Code   RO         6690    .ARM.Collect$$libshutdown$$0000000F  c_w.l(libshutdown2.o)
    0x080001b2   0x080001b2   0x00000002   Code   RO         6691    .ARM.Collect$$libshutdown$$00000010  c_w.l(libshutdown2.o)
    0x080001b4   0x080001b4   0x00000000   Code   RO         6363    .ARM.Collect$$rtentry$$00000000  c_w.l(__rtentry.o)
    0x080001b4   0x080001b4   0x00000000   Code   RO         6528    .ARM.Collect$$rtentry$$00000002  c_w.l(__rtentry2.o)
    0x080001b4   0x080001b4   0x00000006   Code   RO         6540    .ARM.Collect$$rtentry$$00000004  c_w.l(__rtentry4.o)
    0x080001ba   0x080001ba   0x00000000   Code   RO         6530    .ARM.Collect$$rtentry$$00000009  c_w.l(__rtentry2.o)
    0x080001ba   0x080001ba   0x00000004   Code   RO         6531    .ARM.Collect$$rtentry$$0000000A  c_w.l(__rtentry2.o)
    0x080001be   0x080001be   0x00000000   Code   RO         6533    .ARM.Collect$$rtentry$$0000000C  c_w.l(__rtentry2.o)
    0x080001be   0x080001be   0x00000008   Code   RO         6534    .ARM.Collect$$rtentry$$0000000D  c_w.l(__rtentry2.o)
    0x080001c6   0x080001c6   0x00000002   Code   RO         6664    .ARM.Collect$$rtexit$$00000000  c_w.l(rtexit.o)
    0x080001c8   0x080001c8   0x00000000   Code   RO         6711    .ARM.Collect$$rtexit$$00000002  c_w.l(rtexit2.o)
    0x080001c8   0x080001c8   0x00000004   Code   RO         6712    .ARM.Collect$$rtexit$$00000003  c_w.l(rtexit2.o)
    0x080001cc   0x080001cc   0x00000006   Code   RO         6713    .ARM.Collect$$rtexit$$00000004  c_w.l(rtexit2.o)
    0x080001d2   0x080001d2   0x00000002   PAD
    0x080001d4   0x080001d4   0x00000096   Code   RO         6051    .emb_text           port.o
    0x0800026a   0x0800026a   0x00000002   PAD
    0x0800026c   0x0800026c   0x00000000   Code   RO         6551    .emb_text           c_w.l(maybetermalloc1.o)
    0x0800026c   0x0800026c   0x00000040   Code   RO            4    .text               startup_stm32f103xb.o
    0x080002ac   0x080002ac   0x0000005e   Code   RO         6132    .text               c_w.l(h1_alloc.o)
    0x0800030a   0x0800030a   0x000000ee   Code   RO         6186    .text               c_w.l(lludivv7m.o)
    0x080003f8   0x080003f8   0x00000028   Code   RO         6196    .text               c_w.l(noretval__2sprintf.o)
    0x08000420   0x08000420   0x00000034   Code   RO         6198    .text               c_w.l(noretval__2snprintf.o)
    0x08000454   0x08000454   0x00000052   Code   RO         6202    .text               c_w.l(_printf_str.o)
    0x080004a6   0x080004a6   0x00000002   PAD
    0x080004a8   0x080004a8   0x00000078   Code   RO         6204    .text               c_w.l(_printf_dec.o)
    0x08000520   0x08000520   0x00000058   Code   RO         6209    .text               c_w.l(_printf_hex_int.o)
    0x08000578   0x08000578   0x0000010e   Code   RO         6235    .text               c_w.l(__printf_wp.o)
    0x08000686   0x08000686   0x00000002   PAD
    0x08000688   0x08000688   0x0000003c   Code   RO         6254    .text               c_w.l(__0sscanf.o)
    0x080006c4   0x080006c4   0x0000014c   Code   RO         6256    .text               c_w.l(_scanf_int.o)
    0x08000810   0x08000810   0x000000e0   Code   RO         6258    .text               c_w.l(_scanf_str.o)
    0x080008f0   0x080008f0   0x0000001a   Code   RO         6260    .text               c_w.l(atoi.o)
    0x0800090a   0x0800090a   0x00000002   PAD
    0x0800090c   0x0800090c   0x0000000c   Code   RO         6262    .text               c_w.l(strtok.o)
    0x08000918   0x08000918   0x00000014   Code   RO         6265    .text               c_w.l(strchr.o)
    0x0800092c   0x0800092c   0x00000024   Code   RO         6267    .text               c_w.l(strstr.o)
    0x08000950   0x08000950   0x00000048   Code   RO         6269    .text               c_w.l(strcpy.o)
    0x08000998   0x08000998   0x0000003e   Code   RO         6271    .text               c_w.l(strlen.o)
    0x080009d6   0x080009d6   0x00000018   Code   RO         6273    .text               c_w.l(strcat.o)
    0x080009ee   0x080009ee   0x0000008a   Code   RO         6275    .text               c_w.l(rt_memcpy_v6.o)
    0x08000a78   0x08000a78   0x00000064   Code   RO         6277    .text               c_w.l(rt_memcpy_w.o)
    0x08000adc   0x08000adc   0x00000044   Code   RO         6281    .text               c_w.l(rt_memclr.o)
    0x08000b20   0x08000b20   0x0000004e   Code   RO         6283    .text               c_w.l(rt_memclr_w.o)
    0x08000b6e   0x08000b6e   0x00000056   Code   RO         6285    .text               c_w.l(strncpy.o)
    0x08000bc4   0x08000bc4   0x00000006   Code   RO         6287    .text               c_w.l(heapauxi.o)
    0x08000bca   0x08000bca   0x00000002   PAD
    0x08000bcc   0x08000bcc   0x00000010   Code   RO         6364    .text               c_w.l(rt_ctype_table.o)
    0x08000bdc   0x08000bdc   0x00000008   Code   RO         6373    .text               c_w.l(rt_heap_descriptor_intlibspace.o)
    0x08000be4   0x08000be4   0x00000008   Code   RO         6378    .text               c_w.l(rt_errno_addr_intlibspace.o)
    0x08000bec   0x08000bec   0x00000004   Code   RO         6380    .text               c_w.l(hguard.o)
    0x08000bf0   0x08000bf0   0x0000008a   Code   RO         6382    .text               c_w.l(init_alloc.o)
    0x08000c7a   0x08000c7a   0x0000000e   Code   RO         6388    .text               c_w.l(h1_init.o)
    0x08000c88   0x08000c88   0x0000004e   Code   RO         6390    .text               c_w.l(h1_free.o)
    0x08000cd6   0x08000cd6   0x00000016   Code   RO         6406    .text               c_w.l(_rserrno.o)
    0x08000cec   0x08000cec   0x000000b2   Code   RO         6408    .text               c_w.l(_printf_intcommon.o)
    0x08000d9e   0x08000d9e   0x0000041e   Code   RO         6410    .text               c_w.l(_printf_fp_dec.o)
    0x080011bc   0x080011bc   0x00000030   Code   RO         6412    .text               c_w.l(_printf_char_common.o)
    0x080011ec   0x080011ec   0x0000000a   Code   RO         6414    .text               c_w.l(_sputc.o)
    0x080011f6   0x080011f6   0x00000010   Code   RO         6416    .text               c_w.l(_snputc.o)
    0x08001206   0x08001206   0x0000002c   Code   RO         6418    .text               c_w.l(_printf_char.o)
    0x08001232   0x08001232   0x0000001c   Code   RO         6421    .text               c_w.l(_chval.o)
    0x0800124e   0x0800124e   0x00000002   PAD
    0x08001250   0x08001250   0x0000002c   Code   RO         6423    .text               c_w.l(scanf_char.o)
    0x0800127c   0x0800127c   0x00000040   Code   RO         6425    .text               c_w.l(_sgetc.o)
    0x080012bc   0x080012bc   0x000000a4   Code   RO         6427    .text               c_w.l(strtod.o)
    0x08001360   0x08001360   0x00000070   Code   RO         6429    .text               c_w.l(strtol.o)
    0x080013d0   0x080013d0   0x00000044   Code   RO         6431    .text               c_w.l(strtok_int.o)
    0x08001414   0x08001414   0x00000008   Code   RO         6524    .text               c_w.l(libspace.o)
    0x0800141c   0x0800141c   0x00000008   Code   RO         6547    .text               c_w.l(rt_locale_intlibspace.o)
    0x08001424   0x08001424   0x00000034   Code   RO         6553    .text               c_w.l(h1_extend.o)
    0x08001458   0x08001458   0x0000008a   Code   RO         6557    .text               c_w.l(lludiv10.o)
    0x080014e2   0x080014e2   0x00000012   Code   RO         6559    .text               c_w.l(isspace.o)
    0x080014f4   0x080014f4   0x00000080   Code   RO         6561    .text               c_w.l(_printf_fp_infnan.o)
    0x08001574   0x08001574   0x00000374   Code   RO         6565    .text               c_w.l(_scanf.o)
    0x080018e8   0x080018e8   0x0000009e   Code   RO         6567    .text               c_w.l(_strtoul.o)
    0x08001986   0x08001986   0x00000002   PAD
    0x08001988   0x08001988   0x000000e4   Code   RO         6569    .text               c_w.l(bigflt0.o)
    0x08001a6c   0x08001a6c   0x0000000e   Code   RO         6600    .text               c_w.l(defsig_rtmem_outer.o)
    0x08001a7a   0x08001a7a   0x00000020   Code   RO         6604    .text               c_w.l(strcspn.o)
    0x08001a9a   0x08001a9a   0x0000001c   Code   RO         6606    .text               c_w.l(strspn.o)
    0x08001ab6   0x08001ab6   0x00000002   Code   RO         6625    .text               c_w.l(use_no_semi.o)
    0x08001ab8   0x08001ab8   0x00000000   Code   RO         6627    .text               c_w.l(indicate_semi.o)
    0x08001ab8   0x08001ab8   0x0000004a   Code   RO         6628    .text               c_w.l(sys_stackheap_outer.o)
    0x08001b02   0x08001b02   0x00000002   PAD
    0x08001b04   0x08001b04   0x000004f8   Code   RO         6634    .text               c_w.l(scanf_fp.o)
    0x08001ffc   0x08001ffc   0x00000012   Code   RO         6636    .text               c_w.l(exit.o)
    0x0800200e   0x0800200e   0x0000000a   Code   RO         6638    .text               c_w.l(defsig_exit.o)
    0x08002018   0x08002018   0x00000050   Code   RO         6644    .text               c_w.l(defsig_rtmem_inner.o)
    0x08002068   0x08002068   0x00000080   Code   RO         6646    .text               c_w.l(strcmpv7m.o)
    0x080020e8   0x080020e8   0x0000000c   Code   RO         6662    .text               c_w.l(sys_exit.o)
    0x080020f4   0x080020f4   0x00000032   Code   RO         6672    .text               c_w.l(defsig_general.o)
    0x08002126   0x08002126   0x0000000e   Code   RO         6708    .text               c_w.l(sys_wrch.o)
    0x08002134   0x08002134   0x00000320   Code   RO         6717    .text               c_w.l(scanf_hexfp.o)
    0x08002454   0x08002454   0x00000134   Code   RO         6719    .text               c_w.l(scanf_infnan.o)
    0x08002588   0x08002588   0x00000026   Code   RO         6729    .text               c_w.l(llshl.o)
    0x080025ae   0x080025ae   0x0000003e   Code   RO         6572    CL$$btod_d2e        c_w.l(btod.o)
    0x080025ec   0x080025ec   0x00000046   Code   RO         6574    CL$$btod_d2e_denorm_low  c_w.l(btod.o)
    0x08002632   0x08002632   0x00000060   Code   RO         6573    CL$$btod_d2e_norm_op1  c_w.l(btod.o)
    0x08002692   0x08002692   0x00000338   Code   RO         6582    CL$$btod_div_common  c_w.l(btod.o)
    0x080029ca   0x080029ca   0x00000002   PAD
    0x080029cc   0x080029cc   0x00000084   Code   RO         6580    CL$$btod_e2d        c_w.l(btod.o)
    0x08002a50   0x08002a50   0x000000dc   Code   RO         6579    CL$$btod_e2e        c_w.l(btod.o)
    0x08002b2c   0x08002b2c   0x0000002a   Code   RO         6576    CL$$btod_ediv       c_w.l(btod.o)
    0x08002b56   0x08002b56   0x0000002a   Code   RO         6578    CL$$btod_edivd      c_w.l(btod.o)
    0x08002b80   0x08002b80   0x0000002a   Code   RO         6575    CL$$btod_emul       c_w.l(btod.o)
    0x08002baa   0x08002baa   0x0000002a   Code   RO         6577    CL$$btod_emuld      c_w.l(btod.o)
    0x08002bd4   0x08002bd4   0x00000244   Code   RO         6581    CL$$btod_mult_common  c_w.l(btod.o)
    0x08002e18   0x08002e18   0x0000000c   Code   RO          993    i.ADC1_2_IRQHandler  stm32f1xx_it.o
    0x08002e24   0x08002e24   0x00000056   Code   RO         1542    i.ADC_ConversionStop_Disable  stm32f1xx_hal_adc.o
    0x08002e7a   0x08002e7a   0x00000002   PAD
    0x08002e7c   0x08002e7c   0x0000007c   Code   RO         1546    i.ADC_Enable        stm32f1xx_hal_adc.o
    0x08002ef8   0x08002ef8   0x00000024   Code   RO          406    i.ADC_Read_Gas      adc.o
    0x08002f1c   0x08002f1c   0x00000024   Code   RO          407    i.ADC_Read_VSense_1  adc.o
    0x08002f40   0x08002f40   0x00000024   Code   RO          408    i.ADC_Read_VSense_2  adc.o
    0x08002f64   0x08002f64   0x00000024   Code   RO          409    i.ADC_Read_Vbattery  adc.o
    0x08002f88   0x08002f88   0x00000024   Code   RO          410    i.ADC_Read_Wind     adc.o
    0x08002fac   0x08002fac   0x00000024   Code   RO          411    i.ADC_Select_Gas    adc.o
    0x08002fd0   0x08002fd0   0x00000024   Code   RO          412    i.ADC_Select_VSense_1  adc.o
    0x08002ff4   0x08002ff4   0x00000024   Code   RO          413    i.ADC_Select_VSense_2  adc.o
    0x08003018   0x08003018   0x00000024   Code   RO          414    i.ADC_Select_Vbattery  adc.o
    0x0800303c   0x0800303c   0x00000024   Code   RO          415    i.ADC_Select_Wind   adc.o
    0x08003060   0x08003060   0x00000002   Code   RO          994    i.BusFault_Handler  stm32f1xx_it.o
    0x08003062   0x08003062   0x00000002   PAD
    0x08003064   0x08003064   0x0000002c   Code   RO          879    i.Debbug_RxCallBack  usart.o
    0x08003090   0x08003090   0x00000002   Code   RO          995    i.DebugMon_Handler  stm32f1xx_it.o
    0x08003092   0x08003092   0x00000008   Code   RO           13    i.Error_Handler     main.o
    0x0800309a   0x0800309a   0x00000002   Code   RO         1724    i.HAL_ADCEx_InjectedConvCpltCallback  stm32f1xx_hal_adc_ex.o
    0x0800309c   0x0800309c   0x000000fc   Code   RO         1548    i.HAL_ADC_ConfigChannel  stm32f1xx_hal_adc.o
    0x08003198   0x08003198   0x00000002   Code   RO         1549    i.HAL_ADC_ConvCpltCallback  stm32f1xx_hal_adc.o
    0x0800319a   0x0800319a   0x00000006   Code   RO         1555    i.HAL_ADC_GetValue  stm32f1xx_hal_adc.o
    0x080031a0   0x080031a0   0x000000e6   Code   RO         1556    i.HAL_ADC_IRQHandler  stm32f1xx_hal_adc.o
    0x08003286   0x08003286   0x00000002   PAD
    0x08003288   0x08003288   0x0000011c   Code   RO         1557    i.HAL_ADC_Init      stm32f1xx_hal_adc.o
    0x080033a4   0x080033a4   0x00000002   Code   RO         1558    i.HAL_ADC_LevelOutOfWindowCallback  stm32f1xx_hal_adc.o
    0x080033a6   0x080033a6   0x00000002   PAD
    0x080033a8   0x080033a8   0x00000078   Code   RO          417    i.HAL_ADC_MspInit   adc.o
    0x08003420   0x08003420   0x0000013c   Code   RO         1561    i.HAL_ADC_PollForConversion  stm32f1xx_hal_adc.o
    0x0800355c   0x0800355c   0x000000c0   Code   RO         1563    i.HAL_ADC_Start     stm32f1xx_hal_adc.o
    0x0800361c   0x0800361c   0x00000046   Code   RO         2197    i.HAL_DMA_Abort     stm32f1xx_hal_dma.o
    0x08003662   0x08003662   0x00000002   PAD
    0x08003664   0x08003664   0x00000098   Code   RO         2198    i.HAL_DMA_Abort_IT  stm32f1xx_hal_dma.o
    0x080036fc   0x080036fc   0x00000024   Code   RO         1825    i.HAL_Delay         stm32f1xx_hal.o
    0x08003720   0x08003720   0x000001e0   Code   RO         2133    i.HAL_GPIO_Init     stm32f1xx_hal_gpio.o
    0x08003900   0x08003900   0x0000000a   Code   RO         2137    i.HAL_GPIO_WritePin  stm32f1xx_hal_gpio.o
    0x0800390a   0x0800390a   0x00000002   PAD
    0x0800390c   0x0800390c   0x0000000c   Code   RO         1829    i.HAL_GetTick       stm32f1xx_hal.o
    0x08003918   0x08003918   0x00000010   Code   RO         1835    i.HAL_IncTick       stm32f1xx_hal.o
    0x08003928   0x08003928   0x00000024   Code   RO         1836    i.HAL_Init          stm32f1xx_hal.o
    0x0800394c   0x0800394c   0x00000074   Code   RO         1093    i.HAL_InitTick      stm32f1xx_hal_timebase_tim.o
    0x080039c0   0x080039c0   0x00000048   Code   RO         1069    i.HAL_MspInit       stm32f1xx_hal_msp.o
    0x08003a08   0x08003a08   0x0000001a   Code   RO         2293    i.HAL_NVIC_EnableIRQ  stm32f1xx_hal_cortex.o
    0x08003a22   0x08003a22   0x00000002   PAD
    0x08003a24   0x08003a24   0x00000040   Code   RO         2299    i.HAL_NVIC_SetPriority  stm32f1xx_hal_cortex.o
    0x08003a64   0x08003a64   0x00000024   Code   RO         2300    i.HAL_NVIC_SetPriorityGrouping  stm32f1xx_hal_cortex.o
    0x08003a88   0x08003a88   0x00000024   Code   RO         2301    i.HAL_NVIC_SystemReset  stm32f1xx_hal_cortex.o
    0x08003aac   0x08003aac   0x000000c8   Code   RO         2095    i.HAL_RCCEx_GetPeriphCLKFreq  stm32f1xx_hal_rcc_ex.o
    0x08003b74   0x08003b74   0x000000ec   Code   RO         2096    i.HAL_RCCEx_PeriphCLKConfig  stm32f1xx_hal_rcc_ex.o
    0x08003c60   0x08003c60   0x0000012c   Code   RO         1993    i.HAL_RCC_ClockConfig  stm32f1xx_hal_rcc.o
    0x08003d8c   0x08003d8c   0x00000040   Code   RO         1997    i.HAL_RCC_GetClockConfig  stm32f1xx_hal_rcc.o
    0x08003dcc   0x08003dcc   0x00000020   Code   RO         2000    i.HAL_RCC_GetPCLK1Freq  stm32f1xx_hal_rcc.o
    0x08003dec   0x08003dec   0x00000020   Code   RO         2001    i.HAL_RCC_GetPCLK2Freq  stm32f1xx_hal_rcc.o
    0x08003e0c   0x08003e0c   0x0000006c   Code   RO         2002    i.HAL_RCC_GetSysClockFreq  stm32f1xx_hal_rcc.o
    0x08003e78   0x08003e78   0x00000320   Code   RO         2005    i.HAL_RCC_OscConfig  stm32f1xx_hal_rcc.o
    0x08004198   0x08004198   0x000000b2   Code   RO         3236    i.HAL_SPI_Init      stm32f1xx_hal_spi.o
    0x0800424a   0x0800424a   0x00000002   PAD
    0x0800424c   0x0800424c   0x00000080   Code   RO          837    i.HAL_SPI_MspInit   spi.o
    0x080042cc   0x080042cc   0x0000015a   Code   RO         3239    i.HAL_SPI_Receive   stm32f1xx_hal_spi.o
    0x08004426   0x08004426   0x00000166   Code   RO         3244    i.HAL_SPI_Transmit  stm32f1xx_hal_spi.o
    0x0800458c   0x0800458c   0x000001e2   Code   RO         3245    i.HAL_SPI_TransmitReceive  stm32f1xx_hal_spi.o
    0x0800476e   0x0800476e   0x00000002   Code   RO         4253    i.HAL_TIMEx_BreakCallback  stm32f1xx_hal_tim_ex.o
    0x08004770   0x08004770   0x00000002   Code   RO         4254    i.HAL_TIMEx_CommutCallback  stm32f1xx_hal_tim_ex.o
    0x08004772   0x08004772   0x0000005a   Code   RO         3549    i.HAL_TIM_Base_Init  stm32f1xx_hal_tim.o
    0x080047cc   0x080047cc   0x00000002   Code   RO         3551    i.HAL_TIM_Base_MspInit  stm32f1xx_hal_tim.o
    0x080047ce   0x080047ce   0x00000002   PAD
    0x080047d0   0x080047d0   0x00000058   Code   RO         3554    i.HAL_TIM_Base_Start_IT  stm32f1xx_hal_tim.o
    0x08004828   0x08004828   0x00000002   Code   RO         3583    i.HAL_TIM_IC_CaptureCallback  stm32f1xx_hal_tim.o
    0x0800482a   0x0800482a   0x00000166   Code   RO         3597    i.HAL_TIM_IRQHandler  stm32f1xx_hal_tim.o
    0x08004990   0x08004990   0x00000002   Code   RO         3600    i.HAL_TIM_OC_DelayElapsedCallback  stm32f1xx_hal_tim.o
    0x08004992   0x08004992   0x00000002   Code   RO         3627    i.HAL_TIM_PWM_PulseFinishedCallback  stm32f1xx_hal_tim.o
    0x08004994   0x08004994   0x00000014   Code   RO           14    i.HAL_TIM_PeriodElapsedCallback  main.o
    0x080049a8   0x080049a8   0x00000002   Code   RO         3640    i.HAL_TIM_TriggerCallback  stm32f1xx_hal_tim.o
    0x080049aa   0x080049aa   0x00000002   Code   RO         4531    i.HAL_UARTEx_RxEventCallback  stm32f1xx_hal_uart.o
    0x080049ac   0x080049ac   0x00000002   Code   RO         4545    i.HAL_UART_ErrorCallback  stm32f1xx_hal_uart.o
    0x080049ae   0x080049ae   0x00000002   PAD
    0x080049b0   0x080049b0   0x0000020c   Code   RO         4548    i.HAL_UART_IRQHandler  stm32f1xx_hal_uart.o
    0x08004bbc   0x08004bbc   0x00000062   Code   RO         4549    i.HAL_UART_Init     stm32f1xx_hal_uart.o
    0x08004c1e   0x08004c1e   0x00000002   PAD
    0x08004c20   0x08004c20   0x000000d0   Code   RO          881    i.HAL_UART_MspInit  usart.o
    0x08004cf0   0x08004cf0   0x0000002a   Code   RO         4554    i.HAL_UART_Receive_IT  stm32f1xx_hal_uart.o
    0x08004d1a   0x08004d1a   0x00000002   PAD
    0x08004d1c   0x08004d1c   0x00000074   Code   RO         1279    i.HAL_UART_RxCpltCallback  trx_sim.o
    0x08004d90   0x08004d90   0x000000b2   Code   RO         4557    i.HAL_UART_Transmit  stm32f1xx_hal_uart.o
    0x08004e42   0x08004e42   0x00000002   Code   RO         4560    i.HAL_UART_TxCpltCallback  stm32f1xx_hal_uart.o
    0x08004e44   0x08004e44   0x00000006   Code   RO          996    i.HardFault_Handler  stm32f1xx_it.o
    0x08004e4a   0x08004e4a   0x00000002   PAD
    0x08004e4c   0x08004e4c   0x00000038   Code   RO          418    i.MX_ADC1_Init      adc.o
    0x08004e84   0x08004e84   0x00000078   Code   RO          243    i.MX_FREERTOS_Init  freertos.o
    0x08004efc   0x08004efc   0x000000e8   Code   RO          382    i.MX_GPIO_Init      gpio.o
    0x08004fe4   0x08004fe4   0x00000048   Code   RO          838    i.MX_SPI1_Init      spi.o
    0x0800502c   0x0800502c   0x00000038   Code   RO          882    i.MX_USART2_UART_Init  usart.o
    0x08005064   0x08005064   0x00000038   Code   RO          883    i.MX_USART3_UART_Init  usart.o
    0x0800509c   0x0800509c   0x00000002   Code   RO          997    i.MemManage_Handler  stm32f1xx_it.o
    0x0800509e   0x0800509e   0x00000002   Code   RO          998    i.NMI_Handler       stm32f1xx_it.o
    0x080050a0   0x080050a0   0x000000d4   Code   RO          244    i.RPC_FETCH_ATTRIBUTES  freertos.o
    0x08005174   0x08005174   0x0000014c   Code   RO          245    i.SIM7600_ATTRIBUTE  freertos.o
    0x080052c0   0x080052c0   0x00000150   Code   RO          246    i.SIM7600_HTTPPost  freertos.o
    0x08005410   0x08005410   0x000001c8   Code   RO          248    i.SIM7600_Init      freertos.o
    0x080055d8   0x080055d8   0x00000020   Code   RO          249    i.SIM7600_RESET     freertos.o
    0x080055f8   0x080055f8   0x00000d90   Code   RO         1280    i.SIM_BufferProcess  trx_sim.o
    0x08006388   0x08006388   0x000000d4   Code   RO         1281    i.SIM_Init          trx_sim.o
    0x0800645c   0x0800645c   0x000000b8   Code   RO         1282    i.SIM_InitValue     trx_sim.o
    0x08006514   0x08006514   0x000000ac   Code   RO         1284    i.SIM_SendAtCommand  trx_sim.o
    0x080065c0   0x080065c0   0x00000034   Code   RO         1286    i.SIM_SendString    trx_sim.o
    0x080065f4   0x080065f4   0x000000ac   Code   RO         1288    i.SIM_SetPower      trx_sim.o
    0x080066a0   0x080066a0   0x0000005c   Code   RO         3273    i.SPI_EndRxTransaction  stm32f1xx_hal_spi.o
    0x080066fc   0x080066fc   0x00000020   Code   RO         3274    i.SPI_EndRxTxTransaction  stm32f1xx_hal_spi.o
    0x0800671c   0x0800671c   0x000000b8   Code   RO         3279    i.SPI_WaitFlagStateUntilTimeout  stm32f1xx_hal_spi.o
    0x080067d4   0x080067d4   0x0000073c   Code   RO          252    i.StartDiagnosticTask  freertos.o
    0x08006f10   0x08006f10   0x0000014c   Code   RO          253    i.StartLoraTask     freertos.o
    0x0800705c   0x0800705c   0x00000002   Code   RO          254    i.StartRpcTask      freertos.o
    0x0800705e   0x0800705e   0x00000002   PAD
    0x08007060   0x08007060   0x0000004c   Code   RO         1289    i.StartSIMBuffTask  trx_sim.o
    0x080070ac   0x080070ac   0x000001a8   Code   RO          255    i.StartSendDataTask  freertos.o
    0x08007254   0x08007254   0x0000002c   Code   RO         6052    i.SysTick_Handler   port.o
    0x08007280   0x08007280   0x0000006c   Code   RO           15    i.SystemClock_Config  main.o
    0x080072ec   0x080072ec   0x00000002   Code   RO         4878    i.SystemInit        system_stm32f1xx.o
    0x080072ee   0x080072ee   0x00000002   PAD
    0x080072f0   0x080072f0   0x0000000c   Code   RO          999    i.TIM1_UP_IRQHandler  stm32f1xx_it.o
    0x080072fc   0x080072fc   0x0000006c   Code   RO         3642    i.TIM_Base_SetConfig  stm32f1xx_hal_tim.o
    0x08007368   0x08007368   0x00000010   Code   RO         4562    i.UART_DMAAbortOnError  stm32f1xx_hal_uart.o
    0x08007378   0x08007378   0x00000030   Code   RO         4572    i.UART_EndRxTransfer  stm32f1xx_hal_uart.o
    0x080073a8   0x080073a8   0x000000b6   Code   RO         4574    i.UART_Receive_IT   stm32f1xx_hal_uart.o
    0x0800745e   0x0800745e   0x00000002   PAD
    0x08007460   0x08007460   0x000000b8   Code   RO         4575    i.UART_SetConfig    stm32f1xx_hal_uart.o
    0x08007518   0x08007518   0x00000036   Code   RO         4577    i.UART_Start_Receive_IT  stm32f1xx_hal_uart.o
    0x0800754e   0x0800754e   0x00000064   Code   RO         4578    i.UART_WaitOnFlagUntilTimeout  stm32f1xx_hal_uart.o
    0x080075b2   0x080075b2   0x00000002   PAD
    0x080075b4   0x080075b4   0x0000000c   Code   RO         1000    i.USART3_IRQHandler  stm32f1xx_it.o
    0x080075c0   0x080075c0   0x00000002   Code   RO         1001    i.UsageFault_Handler  stm32f1xx_it.o
    0x080075c2   0x080075c2   0x00000028   Code   RO         6509    i.__ARM_fpclassify  m_ws.l(fpclassify.o)
    0x080075ea   0x080075ea   0x00000020   Code   RO         2306    i.__NVIC_SetPriority  stm32f1xx_hal_cortex.o
    0x0800760a   0x0800760a   0x0000000c   Code   RO         6498    i.__mathlib_dbl_invalid  m_ws.l(dunder.o)
    0x08007616   0x08007616   0x0000000e   Code   RO         6499    i.__mathlib_dbl_overflow  m_ws.l(dunder.o)
    0x08007624   0x08007624   0x00000010   Code   RO         6501    i.__mathlib_dbl_underflow  m_ws.l(dunder.o)
    0x08007634   0x08007634   0x00000010   Code   RO         6702    i.__mathlib_narrow  m_ws.l(narrow.o)
    0x08007644   0x08007644   0x000000bc   Code   RO         6703    i.__mathlib_tofloat  m_ws.l(narrow.o)
    0x08007700   0x08007700   0x00000016   Code   RO         6749    i.__support_ldexp   m_ws.l(ldexp.o)
    0x08007716   0x08007716   0x0000000e   Code   RO         6237    i._is_digit         c_w.l(__printf_wp.o)
    0x08007724   0x08007724   0x0000002a   Code   RO         6340    i.atof              m_ws.l(atof.o)
    0x0800774e   0x0800774e   0x00000002   PAD
    0x08007750   0x08007750   0x00000064   Code   RO         1290    i.convertDMSToDecimal  trx_sim.o
    0x080077b4   0x080077b4   0x0000001c   Code   RO          886    i.debugPrint        usart.o
    0x080077d0   0x080077d0   0x00000030   Code   RO          887    i.debugPrintln      usart.o
    0x08007800   0x08007800   0x000000cc   Code   RO          256    i.decode_values     freertos.o
    0x080078cc   0x080078cc   0x00000094   Code   RO         6344    i.fmod              m_ws.l(fmod.o)
    0x08007960   0x08007960   0x00000058   Code   RO         6726    i.frexp             m_ws.l(frexp.o)
    0x080079b8   0x080079b8   0x00000074   Code   RO         6750    i.ldexp             m_ws.l(ldexp.o)
    0x08007a2c   0x08007a2c   0x00000018   Code   RO          546    i.lora_available    lora.o
    0x08007a44   0x08007a44   0x000000fc   Code   RO          551    i.lora_init         lora.o
    0x08007b40   0x08007b40   0x00000006   Code   RO          556    i.lora_mode_sleep   lora.o
    0x08007b46   0x08007b46   0x00000006   Code   RO          557    i.lora_mode_standby  lora.o
    0x08007b4c   0x08007b4c   0x00000028   Code   RO          558    i.lora_packet_rssi  lora.o
    0x08007b74   0x08007b74   0x00000078   Code   RO          560    i.lora_parsepacket  lora.o
    0x08007bec   0x08007bec   0x00000020   Code   RO          561    i.lora_pending_packet_length  lora.o
    0x08007c0c   0x08007c0c   0x00000028   Code   RO          562    i.lora_read         lora.o
    0x08007c34   0x08007c34   0x00000028   Code   RO          568    i.lora_reset        lora.o
    0x08007c5c   0x08007c5c   0x00000032   Code   RO          574    i.lora_set_coding_rate  lora.o
    0x08007c8e   0x08007c8e   0x0000001a   Code   RO          576    i.lora_set_explicit_header_mode  lora.o
    0x08007ca8   0x08007ca8   0x00000048   Code   RO          577    i.lora_set_frequency  lora.o
    0x08007cf0   0x08007cf0   0x0000001e   Code   RO          579    i.lora_set_preamble_length  lora.o
    0x08007d0e   0x08007d0e   0x00000028   Code   RO          581    i.lora_set_signal_bandwidth  lora.o
    0x08007d36   0x08007d36   0x0000005c   Code   RO          582    i.lora_set_spreading_factor  lora.o
    0x08007d92   0x08007d92   0x00000062   Code   RO          583    i.lora_set_tx_power  lora.o
    0x08007df4   0x08007df4   0x00000006   Code   RO          584    i.lora_version      lora.o
    0x08007dfa   0x08007dfa   0x00000002   PAD
    0x08007dfc   0x08007dfc   0x00000050   Code   RO           16    i.main              main.o
    0x08007e4c   0x08007e4c   0x0000000c   Code   RO         5627    i.makeFreeRtosPriority  cmsis_os.o
    0x08007e58   0x08007e58   0x0000000e   Code   RO         5629    i.osDelay           cmsis_os.o
    0x08007e66   0x08007e66   0x0000000a   Code   RO         5632    i.osKernelStart     cmsis_os.o
    0x08007e70   0x08007e70   0x0000003e   Code   RO         5658    i.osSemaphoreCreate  cmsis_os.o
    0x08007eae   0x08007eae   0x00000054   Code   RO         5666    i.osThreadCreate    cmsis_os.o
    0x08007f02   0x08007f02   0x00000002   PAD
    0x08007f04   0x08007f04   0x0000006c   Code   RO         1292    i.parseNMEA         trx_sim.o
    0x08007f70   0x08007f70   0x00000050   Code   RO         5371    i.prvAddCurrentTaskToDelayedList  tasks.o
    0x08007fc0   0x08007fc0   0x000000c0   Code   RO         5372    i.prvAddNewTaskToReadyList  tasks.o
    0x08008080   0x08008080   0x0000006c   Code   RO         5057    i.prvCopyDataToQueue  queue.o
    0x080080ec   0x080080ec   0x0000004c   Code   RO         5990    i.prvHeapInit       heap_4.o
    0x08008138   0x08008138   0x00000024   Code   RO         5373    i.prvIdleTask       tasks.o
    0x0800815c   0x0800815c   0x00000016   Code   RO         5059    i.prvInitialiseNewQueue  queue.o
    0x08008172   0x08008172   0x0000008e   Code   RO         5374    i.prvInitialiseNewTask  tasks.o
    0x08008200   0x08008200   0x0000004c   Code   RO         5991    i.prvInsertBlockIntoFreeList  heap_4.o
    0x0800824c   0x0800824c   0x00000020   Code   RO         5375    i.prvResetNextTaskUnblockTime  tasks.o
    0x0800826c   0x0800826c   0x00000028   Code   RO         6053    i.prvTaskExitError  port.o
    0x08008294   0x08008294   0x0000006a   Code   RO         5061    i.prvUnlockQueue    queue.o
    0x080082fe   0x080082fe   0x00000002   PAD
    0x08008300   0x08008300   0x000000d8   Code   RO         5992    i.pvPortMalloc      heap_4.o
    0x080083d8   0x080083d8   0x00000024   Code   RO         6054    i.pxPortInitialiseStack  port.o
    0x080083fc   0x080083fc   0x00000094   Code   RO          586    i.read_register     lora.o
    0x08008490   0x08008490   0x00000032   Code   RO          587    i.set_OCP           lora.o
    0x080084c2   0x080084c2   0x00000034   Code   RO          588    i.set_low_data_rate_optimization  lora.o
    0x080084f6   0x080084f6   0x0000000a   Code   RO          589    i.set_mode          lora.o
    0x08008500   0x08008500   0x0000001c   Code   RO          257    i.uprintf           freertos.o
    0x0800851c   0x0800851c   0x00000026   Code   RO         5016    i.uxListRemove      list.o
    0x08008542   0x08008542   0x00000002   PAD
    0x08008544   0x08008544   0x00000014   Code   RO          258    i.vApplicationGetIdleTaskMemory  freertos.o
    0x08008558   0x08008558   0x00000016   Code   RO         5017    i.vListInitialise   list.o
    0x0800856e   0x0800856e   0x00000006   Code   RO         5018    i.vListInitialiseItem  list.o
    0x08008574   0x08008574   0x00000030   Code   RO         5019    i.vListInsert       list.o
    0x080085a4   0x080085a4   0x00000018   Code   RO         5020    i.vListInsertEnd    list.o
    0x080085bc   0x080085bc   0x00000040   Code   RO         6056    i.vPortEnterCritical  port.o
    0x080085fc   0x080085fc   0x00000028   Code   RO         6057    i.vPortExitCritical  port.o
    0x08008624   0x08008624   0x0000005c   Code   RO         5993    i.vPortFree         heap_4.o
    0x08008680   0x08008680   0x00000020   Code   RO         6058    i.vPortSetupTimerInterrupt  port.o
    0x080086a0   0x080086a0   0x0000004c   Code   RO         5380    i.vTaskDelay        tasks.o
    0x080086ec   0x080086ec   0x00000010   Code   RO         5382    i.vTaskInternalSetTimeOutState  tasks.o
    0x080086fc   0x080086fc   0x0000000c   Code   RO         5383    i.vTaskMissedYield  tasks.o
    0x08008708   0x08008708   0x00000030   Code   RO         5385    i.vTaskPlaceOnEventList  tasks.o
    0x08008738   0x08008738   0x0000006c   Code   RO         5391    i.vTaskStartScheduler  tasks.o
    0x080087a4   0x080087a4   0x00000010   Code   RO         5392    i.vTaskSuspendAll   tasks.o
    0x080087b4   0x080087b4   0x0000005c   Code   RO         5393    i.vTaskSwitchContext  tasks.o
    0x08008810   0x08008810   0x00000068   Code   RO          591    i.write_register    lora.o
    0x08008878   0x08008878   0x00000074   Code   RO         6060    i.xPortStartScheduler  port.o
    0x080088ec   0x080088ec   0x00000048   Code   RO         5070    i.xQueueGenericCreate  queue.o
    0x08008934   0x08008934   0x00000066   Code   RO         5071    i.xQueueGenericCreateStatic  queue.o
    0x0800899a   0x0800899a   0x00000002   PAD
    0x0800899c   0x0800899c   0x00000088   Code   RO         5072    i.xQueueGenericReset  queue.o
    0x08008a24   0x08008a24   0x00000160   Code   RO         5073    i.xQueueGenericSend  queue.o
    0x08008b84   0x08008b84   0x0000006c   Code   RO         5394    i.xTaskCheckForTimeOut  tasks.o
    0x08008bf0   0x08008bf0   0x0000005a   Code   RO         5395    i.xTaskCreate       tasks.o
    0x08008c4a   0x08008c4a   0x00000056   Code   RO         5396    i.xTaskCreateStatic  tasks.o
    0x08008ca0   0x08008ca0   0x0000001c   Code   RO         5400    i.xTaskGetSchedulerState  tasks.o
    0x08008cbc   0x08008cbc   0x000000c8   Code   RO         5403    i.xTaskIncrementTick  tasks.o
    0x08008d84   0x08008d84   0x00000098   Code   RO         5406    i.xTaskPriorityDisinherit  tasks.o
    0x08008e1c   0x08008e1c   0x00000074   Code   RO         5408    i.xTaskRemoveFromEventList  tasks.o
    0x08008e90   0x08008e90   0x000000c4   Code   RO         5409    i.xTaskResumeAll    tasks.o
    0x08008f54   0x08008f54   0x0000002c   Code   RO         6595    locale$$code        c_w.l(lc_ctype_c.o)
    0x08008f80   0x08008f80   0x0000002c   Code   RO         6598    locale$$code        c_w.l(lc_numeric_c.o)
    0x08008fac   0x08008fac   0x00000062   Code   RO         6291    x$fpl$d2f           fz_ws.l(d2f.o)
    0x0800900e   0x0800900e   0x00000002   PAD
    0x08009010   0x08009010   0x00000150   Code   RO         6293    x$fpl$dadd          fz_ws.l(daddsub_clz.o)
    0x08009160   0x08009160   0x00000010   Code   RO         6480    x$fpl$dcheck1       fz_ws.l(dcheck1.o)
    0x08009170   0x08009170   0x00000018   Code   RO         6658    x$fpl$dcmpinf       fz_ws.l(dcmpi.o)
    0x08009188   0x08009188   0x000002b0   Code   RO         6300    x$fpl$ddiv          fz_ws.l(ddiv.o)
    0x08009438   0x08009438   0x00000078   Code   RO         6723    x$fpl$deqf          fz_ws.l(deqf.o)
    0x080094b0   0x080094b0   0x0000002e   Code   RO         6304    x$fpl$dflt          fz_ws.l(dflt_clz.o)
    0x080094de   0x080094de   0x00000002   PAD
    0x080094e0   0x080094e0   0x00000078   Code   RO         6613    x$fpl$dleqf         fz_ws.l(dleqf.o)
    0x08009558   0x08009558   0x00000154   Code   RO         6309    x$fpl$dmul          fz_ws.l(dmul.o)
    0x080096ac   0x080096ac   0x0000009c   Code   RO         6482    x$fpl$dnaninf       fz_ws.l(dnaninf.o)
    0x08009748   0x08009748   0x00000150   Code   RO         6484    x$fpl$drem          fz_ws.l(drem_clz.o)
    0x08009898   0x08009898   0x0000000c   Code   RO         6486    x$fpl$dretinf       fz_ws.l(dretinf.o)
    0x080098a4   0x080098a4   0x0000006c   Code   RO         6488    x$fpl$drleqf        fz_ws.l(drleqf.o)
    0x08009910   0x08009910   0x00000016   Code   RO         6294    x$fpl$drsb          fz_ws.l(daddsub_clz.o)
    0x08009926   0x08009926   0x00000002   PAD
    0x08009928   0x08009928   0x000001d4   Code   RO         6295    x$fpl$dsub          fz_ws.l(daddsub_clz.o)
    0x08009afc   0x08009afc   0x00000056   Code   RO         6311    x$fpl$f2d           fz_ws.l(f2d.o)
    0x08009b52   0x08009b52   0x00000002   PAD
    0x08009b54   0x08009b54   0x00000184   Code   RO         6320    x$fpl$fdiv          fz_ws.l(fdiv.o)
    0x08009cd8   0x08009cd8   0x00000036   Code   RO         6323    x$fpl$ffix          fz_ws.l(ffix.o)
    0x08009d0e   0x08009d0e   0x00000002   PAD
    0x08009d10   0x08009d10   0x00000030   Code   RO         6328    x$fpl$fflt          fz_ws.l(fflt_clz.o)
    0x08009d40   0x08009d40   0x00000102   Code   RO         6333    x$fpl$fmul          fz_ws.l(fmul.o)
    0x08009e42   0x08009e42   0x0000008c   Code   RO         6490    x$fpl$fnaninf       fz_ws.l(fnaninf.o)
    0x08009ece   0x08009ece   0x0000000a   Code   RO         6492    x$fpl$fretinf       fz_ws.l(fretinf.o)
    0x08009ed8   0x08009ed8   0x00000006   Code   RO         6619    x$fpl$ieeestatus    fz_ws.l(istatus.o)
    0x08009ede   0x08009ede   0x00000004   Code   RO         6335    x$fpl$printf1       fz_ws.l(printf1.o)
    0x08009ee2   0x08009ee2   0x00000064   Code   RO         6621    x$fpl$retnan        fz_ws.l(retnan.o)
    0x08009f46   0x08009f46   0x0000005c   Code   RO         6337    x$fpl$scalbn        fz_ws.l(scalbn.o)
    0x08009fa2   0x08009fa2   0x00000004   Code   RO         6623    x$fpl$scanf1        fz_ws.l(scanf1.o)
    0x08009fa6   0x08009fa6   0x00000008   Code   RO         6696    x$fpl$scanf2        fz_ws.l(scanf2.o)
    0x08009fae   0x08009fae   0x00000030   Code   RO         6660    x$fpl$trapveneer    fz_ws.l(trapv.o)
    0x08009fde   0x08009fde   0x00000000   Code   RO         6494    x$fpl$usenofp       fz_ws.l(usenofp.o)
    0x08009fde   0x08009fde   0x00000002   PAD
    0x08009fe0   0x08009fe0   0x00000070   Data   RO          261    .constdata          freertos.o
    0x0800a050   0x0800a050   0x0000001c   Data   RO         1298    .constdata          trx_sim.o
    0x0800a06c   0x0800a06c   0x00000010   Data   RO         4879    .constdata          system_stm32f1xx.o
    0x0800a07c   0x0800a07c   0x00000008   Data   RO         4880    .constdata          system_stm32f1xx.o
    0x0800a084   0x0800a084   0x00000028   Data   RO         6210    .constdata          c_w.l(_printf_hex_int.o)
    0x0800a0ac   0x0800a0ac   0x00000094   Data   RO         6570    .constdata          c_w.l(bigflt0.o)
    0x0800a140   0x0800a140   0x00000189   Data   RO          262    .conststring        freertos.o
    0x0800a2c9   0x0800a2c9   0x00000003   PAD
    0x0800a2cc   0x0800a2cc   0x000000d4   Data   RO         1317    .conststring        trx_sim.o
    0x0800a3a0   0x0800a3a0   0x00000020   Data   RO         6760    Region$$Table       anon$$obj.o
    0x0800a3c0   0x0800a3c0   0x00000008   Data   RO         6692    c$$dinf             fz_ws.l(fpconst.o)
    0x0800a3c8   0x0800a3c8   0x00000008   Data   RO         6695    c$$dmax             fz_ws.l(fpconst.o)
    0x0800a3d0   0x0800a3d0   0x00000110   Data   RO         6594    locale$$data        c_w.l(lc_ctype_c.o)
    0x0800a4e0   0x0800a4e0   0x0000001c   Data   RO         6597    locale$$data        c_w.l(lc_numeric_c.o)


    Execution Region RW_IRAM1 (Exec base: 0x20000000, Load base: 0x0800a4fc, Size: 0x00003158, Max: 0x00005000, ABSOLUTE)

    Exec Addr    Load Addr    Size         Type   Attr      Idx    E Section Name        Object

    0x20000000   0x0800a4fc   0x00000064   Data   RW          263    .data               freertos.o
    0x20000064   0x0800a560   0x00000001   Data   RW          593    .data               lora.o
    0x20000065   0x0800a561   0x00000001   Data   RW          893    .data               usart.o
    0x20000066   0x0800a562   0x00000002   PAD
    0x20000068   0x0800a564   0x00000030   Data   RW         1336    .data               trx_sim.o
    0x20000098   0x0800a594   0x0000000c   Data   RW         1843    .data               stm32f1xx_hal.o
    0x200000a4   0x0800a5a0   0x00000004   Data   RW         4881    .data               system_stm32f1xx.o
    0x200000a8   0x0800a5a4   0x00000038   Data   RW         5411    .data               tasks.o
    0x200000e0   0x0800a5dc   0x00000018   Data   RW         5998    .data               heap_4.o
    0x200000f8   0x0800a5f4   0x0000000c   Data   RW         6061    .data               port.o
    0x20000104   0x0800a600   0x00000004   Data   RW         6263    .data               c_w.l(strtok.o)
    0x20000108        -       0x00001220   Zero   RW          259    .bss                freertos.o
    0x20001328        -       0x00000030   Zero   RW          419    .bss                adc.o
    0x20001358        -       0x00000064   Zero   RW          592    .bss                lora.o
    0x200013bc        -       0x00000058   Zero   RW          839    .bss                spi.o
    0x20001414        -       0x00000088   Zero   RW          892    .bss                usart.o
    0x2000149c        -       0x00000048   Zero   RW         1096    .bss                stm32f1xx_hal_timebase_tim.o
    0x200014e4   0x0800a604   0x00000004   PAD
    0x200014e8        -       0x00000b78   Zero   RW         1297    .bss                trx_sim.o
    0x20002060        -       0x000000c8   Zero   RW         5410    .bss                tasks.o
    0x20002128        -       0x000009d0   Zero   RW         5997    .bss                heap_4.o
    0x20002af8        -       0x00000060   Zero   RW         6525    .bss                c_w.l(libspace.o)
    0x20002b58        -       0x00000200   Zero   RW            2    HEAP                startup_stm32f103xb.o
    0x20002d58        -       0x00000400   Zero   RW            1    STACK               startup_stm32f103xb.o


==============================================================================

Image component sizes


      Code (inc. data)   RO Data    RW Data    ZI Data      Debug   Object Name

       536         66          0          0         48       7477   adc.o
       182          0          0          0          0      23761   cmsis_os.o
         0          0          0          0          0      18500   event_groups.o
      4350       1714        505        100       4640      12519   freertos.o
       232         16          0          0          0       1099   gpio.o
       460         24          0         24       2512       7695   heap_4.o
       138          0          0          0          0       3790   list.o
      1338        150          0          1        100      17874   lora.o
       216         34          0          0          0     489860   main.o
       522         62          0         12          0      10864   port.o
       898         10          0          0          0       9883   queue.o
       200         26          0          0         88       1929   spi.o
        64         26        236          0       1536        872   startup_stm32f103xb.o
       100         18          0         12          0       5670   stm32f1xx_hal.o
      1494         54          0          0          0       9003   stm32f1xx_hal_adc.o
         2          0          0          0          0       1181   stm32f1xx_hal_adc_ex.o
       194         24          0          0          0      29369   stm32f1xx_hal_cortex.o
       222          4          0          0          0       1951   stm32f1xx_hal_dma.o
       490         34          0          0          0       3072   stm32f1xx_hal_gpio.o
        72         10          0          0          0        994   stm32f1xx_hal_msp.o
      1336        110          0          0          0       6241   stm32f1xx_hal_rcc.o
       436         46          0          0          0       2717   stm32f1xx_hal_rcc_ex.o
      1672          4          0          0          0       8638   stm32f1xx_hal_spi.o
       654         26          0          0          0       7624   stm32f1xx_hal_tim.o
         4          0          0          0          0       1729   stm32f1xx_hal_tim_ex.o
       116         18          0          0         72       1599   stm32f1xx_hal_timebase_tim.o
      1432         10          0          0          0      11384   stm32f1xx_hal_uart.o
        52         18          0          0          0       4454   stm32f1xx_it.o
         0          0          0          0          0        448   stream_buffer.o
         2          0         24          4          0       1299   system_stm32f1xx.o
      1826        140          0         56        200      21742   tasks.o
      4664       1514        240         48       2936      46817   trx_sim.o
       440         58          0          1        136       4773   usart.o

    ----------------------------------------------------------------------
     24390       4216       1040        260      12272     776828   Object Totals
         0          0         32          0          0          0   (incl. Generated)
        46          0          3          2          4          0   (incl. Padding)

    ----------------------------------------------------------------------

      Code (inc. data)   RO Data    RW Data    ZI Data      Debug   Library Member Name

        60          8          0          0          0         84   __0sscanf.o
         8          0          0          0          0         68   __main.o
       284          0          0          0          0        156   __printf_wp.o
         0          0          0          0          0          0   __rtentry.o
        12          0          0          0          0          0   __rtentry2.o
         6          0          0          0          0          0   __rtentry4.o
        52          8          0          0          0          0   __scatter.o
        26          0          0          0          0          0   __scatter_copy.o
        28          0          0          0          0          0   __scatter_zi.o
        28          0          0          0          0         68   _chval.o
         6          0          0          0          0          0   _printf_c.o
        44          0          0          0          0        108   _printf_char.o
        48          6          0          0          0         96   _printf_char_common.o
         6          0          0          0          0          0   _printf_d.o
       120         16          0          0          0         92   _printf_dec.o
         6          0          0          0          0          0   _printf_f.o
      1054          0          0          0          0        216   _printf_fp_dec.o
       128         16          0          0          0         84   _printf_fp_infnan.o
        88          4         40          0          0         88   _printf_hex_int.o
         6          0          0          0          0          0   _printf_i.o
       178          0          0          0          0         88   _printf_intcommon.o
         0          0          0          0          0          0   _printf_percent.o
         4          0          0          0          0          0   _printf_percent_end.o
         6          0          0          0          0          0   _printf_s.o
        82          0          0          0          0         80   _printf_str.o
         6          0          0          0          0          0   _printf_x.o
        22          0          0          0          0        100   _rserrno.o
       884          6          0          0          0        100   _scanf.o
       332          0          0          0          0         96   _scanf_int.o
       224          0          0          0          0         96   _scanf_str.o
        64          0          0          0          0         84   _sgetc.o
        16          0          0          0          0         68   _snputc.o
        10          0          0          0          0         68   _sputc.o
       158          0          0          0          0         92   _strtoul.o
        26          0          0          0          0         80   atoi.o
       228          4        148          0          0         96   bigflt0.o
      2152        136          0          0          0        960   btod.o
        10          0          0          0          0         68   defsig_exit.o
        50          0          0          0          0         88   defsig_general.o
        80         58          0          0          0         76   defsig_rtmem_inner.o
        14          0          0          0          0         80   defsig_rtmem_outer.o
        18          0          0          0          0         80   exit.o
        94          0          0          0          0         80   h1_alloc.o
        52          0          0          0          0         68   h1_extend.o
        78          0          0          0          0         80   h1_free.o
        14          0          0          0          0         84   h1_init.o
         6          0          0          0          0        152   heapauxi.o
         4          0          0          0          0        136   hguard.o
         0          0          0          0          0          0   indicate_semi.o
       138          0          0          0          0        168   init_alloc.o
        18          0          0          0          0         76   isspace.o
        44         10        272          0          0         76   lc_ctype_c.o
        44         10         28          0          0         76   lc_numeric_c.o
         2          0          0          0          0          0   libinit.o
        38          0          0          0          0          0   libinit2.o
         2          0          0          0          0          0   libshutdown.o
         2          0          0          0          0          0   libshutdown2.o
         8          4          0          0         96         68   libspace.o
        38          0          0          0          0         68   llshl.o
       138          0          0          0          0         80   lludiv10.o
       238          0          0          0          0        100   lludivv7m.o
         0          0          0          0          0          0   maybetermalloc1.o
        52          4          0          0          0         84   noretval__2snprintf.o
        40          6          0          0          0         84   noretval__2sprintf.o
        16          4          0          0          0         76   rt_ctype_table.o
         8          4          0          0          0         68   rt_errno_addr_intlibspace.o
         8          4          0          0          0         68   rt_heap_descriptor_intlibspace.o
         8          4          0          0          0         68   rt_locale_intlibspace.o
        68          0          0          0          0         68   rt_memclr.o
        78          0          0          0          0         80   rt_memclr_w.o
       138          0          0          0          0         68   rt_memcpy_v6.o
       100          0          0          0          0         80   rt_memcpy_w.o
         2          0          0          0          0          0   rtexit.o
        10          0          0          0          0          0   rtexit2.o
        44          8          0          0          0         84   scanf_char.o
      1272         16          0          0          0        168   scanf_fp.o
       800         14          0          0          0        100   scanf_hexfp.o
       308         16          0          0          0        100   scanf_infnan.o
        24          0          0          0          0         68   strcat.o
        20          0          0          0          0         68   strchr.o
       128          0          0          0          0         68   strcmpv7m.o
        72          0          0          0          0         80   strcpy.o
        32          0          0          0          0         80   strcspn.o
        62          0          0          0          0         76   strlen.o
        86          0          0          0          0         76   strncpy.o
        28          0          0          0          0         80   strspn.o
        36          0          0          0          0         80   strstr.o
       164         14          0          0          0        120   strtod.o
        12          6          0          4          0         68   strtok.o
        68          4          0          0          0         84   strtok_int.o
       112          0          0          0          0         88   strtol.o
        12          4          0          0          0         68   sys_exit.o
        74          0          0          0          0         80   sys_stackheap_outer.o
        14          0          0          0          0         76   sys_wrch.o
         2          0          0          0          0         68   use_no_semi.o
        98          4          0          0          0         92   d2f.o
       826         16          0          0          0        348   daddsub_clz.o
        16          4          0          0          0         68   dcheck1.o
        24          0          0          0          0         68   dcmpi.o
       688        140          0          0          0        208   ddiv.o
       120          4          0          0          0         92   deqf.o
        46          0          0          0          0         68   dflt_clz.o
       120          4          0          0          0         92   dleqf.o
       340         12          0          0          0        104   dmul.o
       156          4          0          0          0         92   dnaninf.o
       336         12          0          0          0         88   drem_clz.o
        12          0          0          0          0         68   dretinf.o
       108          0          0          0          0         80   drleqf.o
        86          4          0          0          0         84   f2d.o
       388         76          0          0          0         96   fdiv.o
        54          4          0          0          0         84   ffix.o
        48          0          0          0          0         68   fflt_clz.o
       258          4          0          0          0         84   fmul.o
       140          4          0          0          0         84   fnaninf.o
         0          0         16          0          0          0   fpconst.o
        10          0          0          0          0         68   fretinf.o
         6          0          0          0          0         68   istatus.o
         4          0          0          0          0         68   printf1.o
       100          0          0          0          0         68   retnan.o
        92          0          0          0          0         68   scalbn.o
         4          0          0          0          0         68   scanf1.o
         8          0          0          0          0         84   scanf2.o
        48          0          0          0          0         68   trapv.o
         0          0          0          0          0          0   usenofp.o
        42          0          0          0          0         84   atof.o
        42          6          0          0          0        204   dunder.o
       148          4          0          0          0         88   fmod.o
        40          0          0          0          0         68   fpclassify.o
        88          8          0          0          0         76   frexp.o
       138          0          0          0          0        160   ldexp.o
       204          4          0          0          0        168   narrow.o

    ----------------------------------------------------------------------
     16302        710        504          4         96      10672   Library Totals
        34          2          0          0          0          0   (incl. Padding)

    ----------------------------------------------------------------------

      Code (inc. data)   RO Data    RW Data    ZI Data      Debug   Library Name

     11430        394        488          4         96       7296   c_w.l
      4136        292         16          0          0       2528   fz_ws.l
       702         22          0          0          0        848   m_ws.l

    ----------------------------------------------------------------------
     16302        710        504          4         96      10672   Library Totals

    ----------------------------------------------------------------------

==============================================================================


      Code (inc. data)   RO Data    RW Data    ZI Data      Debug   

     40692       4926       1544        264      12368     771324   Grand Totals
     40692       4926       1544        264      12368     771324   ELF Image Totals
     40692       4926       1544        264          0          0   ROM Totals

==============================================================================

    Total RO  Size (Code + RO Data)                42236 (  41.25kB)
    Total RW  Size (RW Data + ZI Data)             12632 (  12.34kB)
    Total ROM Size (Code + RO Data + RW Data)      42500 (  41.50kB)

==============================================================================

